Microchip MPLAB XC8 Compiler V1.42 ()

Linker command line:

-W-3 --edf=C:\Program Files (x86)\Microchip\xc8\v1.42\dat\en_msgs.txt -cs \
  -h+dist/default/production\CarregadorDeBateria.X.production.sym \
  --cmf=dist/default/production\CarregadorDeBateria.X.production.cmf -z \
  -Q18F2620 -oC:\Users\otavio\AppData\Local\Temp\s3oo.2 \
  -Mdist/default/production/CarregadorDeBateria.X.production.map -E1 \
  -ver=XC8 -ASTACK=0110h-0f7fh -pstack=STACK -ACODE=00h-0FFFFh \
  -ACONST=00h-0FFFFh -ASMALLCONST=01000h-010FFhx240 \
  -AMEDIUMCONST=01000h-0FFFFh -ACOMRAM=01h-07Fh -AABS1=00h-0F7Fh \
  -ABIGRAM=01h-0F7Fh -ARAM=080h-0FFh,0100h-01FFhx14,0F00h-0F7Fh \
  -ABANK0=080h-0FFh -ABANK1=0100h-01FFh -ABANK2=0200h-02FFh \
  -ABANK3=0300h-03FFh -ABANK4=0400h-04FFh -ABANK5=0500h-05FFh \
  -ABANK6=0600h-06FFh -ABANK7=0700h-07FFh -ABANK8=0800h-08FFh \
  -ABANK9=0900h-09FFh -ABANK10=0A00h-0AFFh -ABANK11=0B00h-0BFFh \
  -ABANK12=0C00h-0CFFh -ABANK13=0D00h-0DFFh -ABANK14=0E00h-0EFFh \
  -ABANK15=0F00h-0F7Fh -ASFR=0F80h-0FFFh \
  -preset_vec=00h,intcode=08h,intcodelo,powerup,init -pramtop=01000h \
  -psmallconst=SMALLCONST -pmediumconst=MEDIUMCONST -pconst=CONST \
  -AFARRAM=00h-00h -ACONFIG=0300000h-030000Dh -pconfig=CONFIG \
  -AIDLOC=0200000h-0200007h -pidloc=IDLOC -AEEDATA=0F00000h-0F003FFh \
  -peeprom_data=EEDATA \
  -prdata=COMRAM,nvrram=COMRAM,nvbit=COMRAM,rbss=COMRAM,rbit=COMRAM \
  -pfarbss=FARRAM,fardata=FARRAM,nvFARRAM=FARRAM \
  -pintsave_regs=BIGRAM,bigbss=BIGRAM,bigdata=BIGRAM -pbss=RAM \
  -pidata=CODE,irdata=CODE,ibigdata=CODE,ifardata=CODE -prparam=COMRAM \
  C:\Users\otavio\AppData\Local\Temp\s3oo.obj \
  dist/default/production\CarregadorDeBateria.X.production.obj 

Object code version is 3.11

Machine type is 18F2620

Call graph: (short form)




                Name                               Link     Load   Length Selector   Space Scale
C:\Users\otavio\AppData\Local\Temp\s3oo.obj
                init                                  E        E        4        4       0
                reset_vec                             0        0        4        0       0
                idloc                            200000   200000        8   200000       0
                config                           300000   300000        E   300000       0
dist/default/production\CarregadorDeBateria.X.production.obj
                intcode                               8        8        6        4       0
                temp                                 79       79        1        1       1
                mediumconst                        FB8E     FB8E      472     7DC7       0
                text50                             248E     248E       AE        4       0
                text49                             2B7C     2B7C       38        4       0
                text48                             23A8     23A8       E6        4       0
                text47                             266E     266E       90        4       0
                text46                             2C5E     2C5E       24        4       0
                text45                             1CCA     1CCA      1AC        4       0
                text44                             2A50     2A50       40        4       0
                text43                             21C4     21C4       F4        4       0
                text42                             2782     2782       82        4       0
                text41                             28E6     28E6       66        4       0
                text40                             29A8     29A8       5C        4       0
                text39                             1FA8     1FA8      128        4       0
                text38                             1E76     1E76      132        4       0
                text37                             26FE     26FE       84        4       0
                text36                             2876     2876       70        4       0
                text35                             20D0     20D0       F4        4       0
                text34                             2C14     2C14       26        4       0
                text33                             1A60     1A60      26A        4       0
                text32                             1628     1628      438        4       0
                text31                              EC6      EC6      762        4       0
                text30                             2C3A     2C3A       24        4       0
                text29                             2C82     2C82       20        4       0
                text28                             2D90     2D90        C        4       0
                text27                             2D84     2D84        C        4       0
                text26                             22B8     22B8       F0        4       0
                text25                             2B08     2B08       3C        4       0
                text24                             2ACC     2ACC       3C        4       0
                text23                             2A90     2A90       3C        4       0
                text22                             2B44     2B44       38        4       0
                text21                             2CBE     2CBE       1C        4       0
                text20                             2D44     2D44       14        4       0
                text19                             2D30     2D30       14        4       0
                text18                             2DAE     2DAE        4        4       0
                text17                             2D78     2D78        C        4       0
                text16                             2A04     2A04       4C        4       0
                text15                             2804     2804       72        4       0
                intcode_body                         12       12      EB4        4       0
                text13                             2BB4     2BB4       36        4       0
                text12                             2D1C     2D1C       14        4       0
                text11                             2D08     2D08       14        4       0
                text10                             2D58     2D58       12        4       0
                text9                              2D9C     2D9C        A        4       0
                text8                              2CA2     2CA2       1C        4       0
                text7                              2BEA     2BEA       2A        4       0
                text6                              2DAA     2DAA        4        4       0
                text5                              2D6A     2D6A        E        4       0
                text4                              294C     294C       5C        4       0
                text3                              25DE     25DE       90        4       0
                text2                              2DA6     2DA6        4        4       0
                text1                              2CDA     2CDA       18        4       0
                text0                              253C     253C       A2        4       0
                cstackCOMRAM                          1        1       78        1       1
                cstackBANK0                          80       80       30       80       1
                cstackBANK1                         100      100       10      100       1
                bssBANK0                             B0       B0       26       80       1
                cinit                              2CF2     2CF2       16        4       0

TOTAL           Name                               Link     Load   Length     Space
        CLASS   STACK          

        CLASS   CODE           
                intcode                               8        8        6         0
                init                                  E        E        4         0
                reset_vec                             0        0        4         0
                text50                             248E     248E       AE         0
                text49                             2B7C     2B7C       38         0
                text48                             23A8     23A8       E6         0
                text47                             266E     266E       90         0
                text46                             2C5E     2C5E       24         0
                text45                             1CCA     1CCA      1AC         0
                text44                             2A50     2A50       40         0
                text43                             21C4     21C4       F4         0
                text42                             2782     2782       82         0
                text41                             28E6     28E6       66         0
                text40                             29A8     29A8       5C         0
                text39                             1FA8     1FA8      128         0
                text38                             1E76     1E76      132         0
                text37                             26FE     26FE       84         0
                text36                             2876     2876       70         0
                text35                             20D0     20D0       F4         0
                text34                             2C14     2C14       26         0
                text33                             1A60     1A60      26A         0
                text32                             1628     1628      438         0
                text31                              EC6      EC6      762         0
                text30                             2C3A     2C3A       24         0
                text29                             2C82     2C82       20         0
                text28                             2D90     2D90        C         0
                text27                             2D84     2D84        C         0
                text26                             22B8     22B8       F0         0
                text25                             2B08     2B08       3C         0
                text24                             2ACC     2ACC       3C         0
                text23                             2A90     2A90       3C         0
                text22                             2B44     2B44       38         0
                text21                             2CBE     2CBE       1C         0
                text20                             2D44     2D44       14         0
                text19                             2D30     2D30       14         0
                text18                             2DAE     2DAE        4         0
                text17                             2D78     2D78        C         0
                text16                             2A04     2A04       4C         0
                text15                             2804     2804       72         0
                intcode_body                         12       12      EB4         0
                text13                             2BB4     2BB4       36         0
                text12                             2D1C     2D1C       14         0
                text11                             2D08     2D08       14         0
                text10                             2D58     2D58       12         0
                text9                              2D9C     2D9C        A         0
                text8                              2CA2     2CA2       1C         0
                text7                              2BEA     2BEA       2A         0
                text6                              2DAA     2DAA        4         0
                text5                              2D6A     2D6A        E         0
                text4                              294C     294C       5C         0
                text3                              25DE     25DE       90         0
                text2                              2DA6     2DA6        4         0
                text1                              2CDA     2CDA       18         0
                text0                              253C     253C       A2         0
                cinit                              2CF2     2CF2       16         0

        CLASS   CONST          

        CLASS   SMALLCONST     

        CLASS   MEDIUMCONST    
                mediumconst                        FB8E     FB8E      472         0

        CLASS   COMRAM         
                temp                                 79       79        1         1
                cstackCOMRAM                          1        1       78         1

        CLASS   ABS1           

        CLASS   BIGRAM         

        CLASS   RAM            

        CLASS   BANK0          
                cstackBANK0                          80       80       30         1
                bssBANK0                             B0       B0       26         1

        CLASS   BANK1          
                cstackBANK1                         100      100       10         1

        CLASS   BANK2          

        CLASS   BANK3          

        CLASS   BANK4          

        CLASS   BANK5          

        CLASS   BANK6          

        CLASS   BANK7          

        CLASS   BANK8          

        CLASS   BANK9          

        CLASS   BANK10         

        CLASS   BANK11         

        CLASS   BANK12         

        CLASS   BANK13         

        CLASS   BANK14         

        CLASS   BANK15         

        CLASS   SFR            

        CLASS   FARRAM         

        CLASS   CONFIG         
                config                           300000   300000        E         0

        CLASS   IDLOC          
                idloc                            200000   200000        8         0

        CLASS   EEDATA         



SEGMENTS        Name                           Load    Length   Top    Selector   Space  Class

                reset_vec                      000000  000004  000004         0       0  CODE    
                cstackCOMRAM                   000001  000079  00007A         1       1  COMRAM  
                intcode                        000008  002DAA  002DB2         4       0  CODE    
                cstackBANK0                    000080  000056  0000D6        80       1  BANK0   
                cstackBANK1                    000100  000010  000110       100       1  BANK1   
                mediumconst                    00FB8E  000472  010000      7DC7       0  MEDIUMCO
                idloc                          200000  000008  200008    200000       0  IDLOC   
                config                         300000  00000E  30000E    300000       0  CONFIG  


UNUSED ADDRESS RANGES

        Name                Unused          Largest block    Delta
        BANK0            0000D6-0000FF               2A
        BANK1            000110-0001FF               F0
        BANK10           000A00-000AFF              100
        BANK11           000B00-000BFF              100
        BANK12           000C00-000CFF              100
        BANK13           000D00-000DFF              100
        BANK14           000E00-000EFF              100
        BANK15           000F00-000F7F               80
        BANK2            000200-0002FF              100
        BANK3            000300-0003FF              100
        BANK4            000400-0004FF              100
        BANK5            000500-0005FF              100
        BANK6            000600-0006FF              100
        BANK7            000700-0007FF              100
        BANK8            000800-0008FF              100
        BANK9            000900-0009FF              100
        BIGRAM           00007A-00007F                6
                         0000D6-0000FF               2A
                         000110-000F7F              E70
        CODE             000004-000007                4
                         002DB2-00FB8D             CDDC
        COMRAM           00007A-00007F                6
        CONST            000004-000007                4
                         002DB2-00FB8D             CDDC
        EEDATA           F00000-F003FF              400
        MEDIUMCONST      002DB2-00FB8D             CDDC
        RAM              0000D6-0000FF               2A
                         000110-000F7F              100
        SFR              000F80-000FFF               80
        SMALLCONST       002DB2-00FB8D              100
        STACK            000110-000F7F              E70

                                  Symbol Table

?___awdiv                                         cstackCOMRAM 000007
?___awmod                                         cstackCOMRAM 000001
?___awtoft                                        cstackCOMRAM 000009
?___ftadd                                         cstackCOMRAM 00002E
?___ftdiv                                         cstackCOMRAM 00003A
?___ftmul                                         cstackCOMRAM 000015
?___ftneg                                         cstackCOMRAM 000024
?___ftpack                                        cstackCOMRAM 000001
?___ftsub                                         cstackCOMRAM 00003A
?___fttol                                         cstackCOMRAM 000024
?___lldiv                                         cstackCOMRAM 000001
?___llmod                                         cstackCOMRAM 00000E
?___lltoft                                        cstackCOMRAM 000009
?___wmul                                          cstackCOMRAM 00000F
?__div_to_l_                                      cstackCOMRAM 000001
?__tdiv_to_l_                                     cstackCOMRAM 000001
?_fround                                          cstackCOMRAM 000024
?_indexDoMenorValor                               cstackCOMRAM 00001E
?_lerAdcAn0                                       cstackCOMRAM 000001
?_lerAdcAn1                                       cstackCOMRAM 000001
?_lerAdcAn2                                       cstackCOMRAM 000001
?_scale                                           cstackCOMRAM 000024
?_sprintf                                         cstackCOMRAM 000040
?_tamanhoDaString                                 cstackBANK1  000100
?i2_tamanhoDaString                               cstackCOMRAM 000001
_ADCON0bits                                       (abs)        000FC2
_ADCON1bits                                       (abs)        000FC1
_ADCON2bits                                       (abs)        000FC0
_ADRESH                                           (abs)        000FC4
_ADRESL                                           (abs)        000FC3
_BAUDCONbits                                      (abs)        000FB8
_INTCONbits                                       (abs)        000FF2
_PIE1bits                                         (abs)        000F9D
_PIR1bits                                         (abs)        000F9E
_PORTB                                            (abs)        000F81
_PORTBbits                                        (abs)        000F81
_RCSTAbits                                        (abs)        000FAB
_SPBRG                                            (abs)        000FAF
_T0CONbits                                        (abs)        000FD5
_TMR0H                                            (abs)        000FD7
_TMR0L                                            (abs)        000FD6
_TRISB                                            (abs)        000F93
_TRISCbits                                        (abs)        000F94
_TXREG                                            (abs)        000FAD
_TXSTAbits                                        (abs)        000FAC
__CFG_BOREN$SBORDIS                               (abs)        000000
__CFG_BORV$3                                      (abs)        000000
__CFG_CCP2MX$PORTC                                (abs)        000000
__CFG_CP0$OFF                                     (abs)        000000
__CFG_CP1$OFF                                     (abs)        000000
__CFG_CP2$OFF                                     (abs)        000000
__CFG_CP3$OFF                                     (abs)        000000
__CFG_CPB$OFF                                     (abs)        000000
__CFG_CPD$OFF                                     (abs)        000000
__CFG_EBTR0$OFF                                   (abs)        000000
__CFG_EBTR1$OFF                                   (abs)        000000
__CFG_EBTR2$OFF                                   (abs)        000000
__CFG_EBTR3$OFF                                   (abs)        000000
__CFG_EBTRB$OFF                                   (abs)        000000
__CFG_FCMEN$OFF                                   (abs)        000000
__CFG_IESO$OFF                                    (abs)        000000
__CFG_LPT1OSC$OFF                                 (abs)        000000
__CFG_LVP$OFF                                     (abs)        000000
__CFG_MCLRE$ON                                    (abs)        000000
__CFG_OSC$INTIO7                                  (abs)        000000
__CFG_PBADEN$ON                                   (abs)        000000
__CFG_PWRT$ON                                     (abs)        000000
__CFG_STVREN$OFF                                  (abs)        000000
__CFG_WDT$OFF                                     (abs)        000000
__CFG_WDTPS$32768                                 (abs)        000000
__CFG_WRT0$OFF                                    (abs)        000000
__CFG_WRT1$OFF                                    (abs)        000000
__CFG_WRT2$OFF                                    (abs)        000000
__CFG_WRT3$OFF                                    (abs)        000000
__CFG_WRTB$OFF                                    (abs)        000000
__CFG_WRTC$OFF                                    (abs)        000000
__CFG_WRTD$OFF                                    (abs)        000000
__CFG_XINST$OFF                                   (abs)        000000
__HRAM                                            (abs)        000000
__Habs1                                           abs1         000000
__Hbank0                                          bank0        000000
__Hbank1                                          bank1        000000
__Hbank10                                         bank10       000000
__Hbank11                                         bank11       000000
__Hbank12                                         bank12       000000
__Hbank13                                         bank13       000000
__Hbank14                                         bank14       000000
__Hbank15                                         bank15       000000
__Hbank2                                          bank2        000000
__Hbank3                                          bank3        000000
__Hbank4                                          bank4        000000
__Hbank5                                          bank5        000000
__Hbank6                                          bank6        000000
__Hbank7                                          bank7        000000
__Hbank8                                          bank8        000000
__Hbank9                                          bank9        000000
__Hbigbss                                         bigbss       000000
__Hbigdata                                        bigdata      000000
__Hbigram                                         bigram       000000
__Hbss                                            bss          000000
__HbssBANK0                                       bssBANK0     000000
__Hcinit                                          cinit        000000
__Hclrtext                                        clrtext      000000
__Hcomram                                         comram       000000
__Hconfig                                         config       30000E
__Hconst                                          const        000000
__HcstackBANK0                                    cstackBANK0  000000
__HcstackBANK1                                    cstackBANK1  000000
__HcstackCOMRAM                                   cstackCOMRAM 000000
__Hdata                                           data         000000
__Heeprom_data                                    eeprom_data  000000
__Hfarbss                                         farbss       000000
__Hfardata                                        fardata      000000
__Hibigdata                                       ibigdata     000000
__Hidata                                          idata        000000
__Hidloc                                          idloc        200008
__Hifardata                                       ifardata     000000
__Hinit                                           init         000012
__Hintcode                                        intcode      00000E
__Hintcode_body                                   intcode_body 000000
__Hintcodelo                                      intcodelo    00000E
__Hintentry                                       intentry     000000
__Hintret                                         intret       000000
__Hintsave_regs                                   intsave_regs 000000
__Hirdata                                         irdata       000000
__Hmediumconst                                    mediumconst  010000
__HnvFARRAM                                       nvFARRAM     000000
__Hnvbit                                          nvbit        000000
__Hnvrram                                         nvrram       000000
__Hparam                                          rparam       000000
__Hpowerup                                        powerup      00000E
__Hram                                            ram          000000
__Hramtop                                         ramtop       001000
__Hrbit                                           rbit         000000
__Hrbss                                           rbss         000000
__Hrdata                                          rdata        000000
__Hreset_vec                                      reset_vec    000004
__Hrparam                                         rparam       000000
__Hsfr                                            sfr          000000
__Hsmallconst                                     smallconst   000000
__Hspace_0                                        (abs)        30000E
__Hspace_1                                        (abs)        000110
__Hspace_2                                        (abs)        000000
__Hstack                                          stack        000000
__Hstruct                                         struct       000000
__Htemp                                           temp         00007A
__Htext                                           text         000000
__Htext0                                          text0        000000
__Htext1                                          text1        000000
__Htext10                                         text10       000000
__Htext11                                         text11       000000
__Htext12                                         text12       000000
__Htext13                                         text13       000000
__Htext15                                         text15       000000
__Htext16                                         text16       000000
__Htext17                                         text17       000000
__Htext18                                         text18       000000
__Htext19                                         text19       000000
__Htext2                                          text2        000000
__Htext20                                         text20       000000
__Htext21                                         text21       000000
__Htext22                                         text22       000000
__Htext23                                         text23       000000
__Htext24                                         text24       000000
__Htext25                                         text25       000000
__Htext26                                         text26       000000
__Htext27                                         text27       000000
__Htext28                                         text28       000000
__Htext29                                         text29       000000
__Htext3                                          text3        000000
__Htext30                                         text30       000000
__Htext31                                         text31       000000
__Htext32                                         text32       000000
__Htext33                                         text33       000000
__Htext34                                         text34       000000
__Htext35                                         text35       000000
__Htext36                                         text36       000000
__Htext37                                         text37       000000
__Htext38                                         text38       000000
__Htext39                                         text39       000000
__Htext4                                          text4        000000
__Htext40                                         text40       000000
__Htext41                                         text41       000000
__Htext42                                         text42       000000
__Htext43                                         text43       000000
__Htext44                                         text44       000000
__Htext45                                         text45       000000
__Htext46                                         text46       000000
__Htext47                                         text47       000000
__Htext48                                         text48       000000
__Htext49                                         text49       000000
__Htext5                                          text5        000000
__Htext50                                         text50       000000
__Htext6                                          text6        000000
__Htext7                                          text7        000000
__Htext8                                          text8        000000
__Htext9                                          text9        000000
__LRAM                                            (abs)        000001
__Labs1                                           abs1         000000
__Lbank0                                          bank0        000000
__Lbank1                                          bank1        000000
__Lbank10                                         bank10       000000
__Lbank11                                         bank11       000000
__Lbank12                                         bank12       000000
__Lbank13                                         bank13       000000
__Lbank14                                         bank14       000000
__Lbank15                                         bank15       000000
__Lbank2                                          bank2        000000
__Lbank3                                          bank3        000000
__Lbank4                                          bank4        000000
__Lbank5                                          bank5        000000
__Lbank6                                          bank6        000000
__Lbank7                                          bank7        000000
__Lbank8                                          bank8        000000
__Lbank9                                          bank9        000000
__Lbigbss                                         bigbss       000000
__Lbigdata                                        bigdata      000000
__Lbigram                                         bigram       000000
__Lbss                                            bss          000000
__LbssBANK0                                       bssBANK0     000000
__Lcinit                                          cinit        000000
__Lclrtext                                        clrtext      000000
__Lcomram                                         comram       000000
__Lconfig                                         config       300000
__Lconst                                          const        000000
__LcstackBANK0                                    cstackBANK0  000000
__LcstackBANK1                                    cstackBANK1  000000
__LcstackCOMRAM                                   cstackCOMRAM 000000
__Ldata                                           data         000000
__Leeprom_data                                    eeprom_data  000000
__Lfarbss                                         farbss       000000
__Lfardata                                        fardata      000000
__Libigdata                                       ibigdata     000000
__Lidata                                          idata        000000
__Lidloc                                          idloc        200000
__Lifardata                                       ifardata     000000
__Linit                                           init         00000E
__Lintcode                                        intcode      000008
__Lintcode_body                                   intcode_body 000000
__Lintcodelo                                      intcodelo    00000E
__Lintentry                                       intentry     000000
__Lintret                                         intret       000000
__Lintsave_regs                                   intsave_regs 000000
__Lirdata                                         irdata       000000
__Lmediumconst                                    mediumconst  00FB8E
__LnvFARRAM                                       nvFARRAM     000000
__Lnvbit                                          nvbit        000000
__Lnvrram                                         nvrram       000000
__Lparam                                          rparam       000000
__Lpowerup                                        powerup      00000E
__Lram                                            ram          000000
__Lramtop                                         ramtop       001000
__Lrbit                                           rbit         000000
__Lrbss                                           rbss         000000
__Lrdata                                          rdata        000000
__Lreset_vec                                      reset_vec    000000
__Lrparam                                         rparam       000000
__Lsfr                                            sfr          000000
__Lsmallconst                                     smallconst   000000
__Lspace_0                                        (abs)        000000
__Lspace_1                                        (abs)        000000
__Lspace_2                                        (abs)        000000
__Lstack                                          stack        000000
__Lstruct                                         struct       000000
__Ltemp                                           temp         000079
__Ltext                                           text         000000
__Ltext0                                          text0        000000
__Ltext1                                          text1        000000
__Ltext10                                         text10       000000
__Ltext11                                         text11       000000
__Ltext12                                         text12       000000
__Ltext13                                         text13       000000
__Ltext15                                         text15       000000
__Ltext16                                         text16       000000
__Ltext17                                         text17       000000
__Ltext18                                         text18       000000
__Ltext19                                         text19       000000
__Ltext2                                          text2        000000
__Ltext20                                         text20       000000
__Ltext21                                         text21       000000
__Ltext22                                         text22       000000
__Ltext23                                         text23       000000
__Ltext24                                         text24       000000
__Ltext25                                         text25       000000
__Ltext26                                         text26       000000
__Ltext27                                         text27       000000
__Ltext28                                         text28       000000
__Ltext29                                         text29       000000
__Ltext3                                          text3        000000
__Ltext30                                         text30       000000
__Ltext31                                         text31       000000
__Ltext32                                         text32       000000
__Ltext33                                         text33       000000
__Ltext34                                         text34       000000
__Ltext35                                         text35       000000
__Ltext36                                         text36       000000
__Ltext37                                         text37       000000
__Ltext38                                         text38       000000
__Ltext39                                         text39       000000
__Ltext4                                          text4        000000
__Ltext40                                         text40       000000
__Ltext41                                         text41       000000
__Ltext42                                         text42       000000
__Ltext43                                         text43       000000
__Ltext44                                         text44       000000
__Ltext45                                         text45       000000
__Ltext46                                         text46       000000
__Ltext47                                         text47       000000
__Ltext48                                         text48       000000
__Ltext49                                         text49       000000
__Ltext5                                          text5        000000
__Ltext50                                         text50       000000
__Ltext6                                          text6        000000
__Ltext7                                          text7        000000
__Ltext8                                          text8        000000
__Ltext9                                          text9        000000
__S0                                              (abs)        30000E
__S1                                              (abs)        000110
__S2                                              (abs)        000000
___awdiv                                          text37       0026FE
___awdiv@counter                                  cstackCOMRAM 00000B
___awdiv@dividend                                 cstackCOMRAM 000007
___awdiv@divisor                                  cstackCOMRAM 000009
___awdiv@quotient                                 cstackCOMRAM 00000D
___awdiv@sign                                     cstackCOMRAM 00000C
___awmod                                          text36       002876
___awmod@counter                                  cstackCOMRAM 000005
___awmod@dividend                                 cstackCOMRAM 000001
___awmod@divisor                                  cstackCOMRAM 000003
___awmod@sign                                     cstackCOMRAM 000006
___awtoft                                         text49       002B7C
___awtoft@c                                       cstackCOMRAM 000009
___awtoft@sign                                    cstackCOMRAM 00000C
___ftadd                                          text45       001CCA
___ftadd@exp1                                     cstackCOMRAM 000039
___ftadd@exp2                                     cstackCOMRAM 000038
___ftadd@f1                                       cstackCOMRAM 00002E
___ftadd@f2                                       cstackCOMRAM 000031
___ftadd@sign                                     cstackCOMRAM 000037
___ftdiv                                          text48       0023A8
___ftdiv@cntr                                     cstackCOMRAM 000043
___ftdiv@exp                                      cstackCOMRAM 000047
___ftdiv@f1                                       cstackCOMRAM 00003A
___ftdiv@f2                                       cstackCOMRAM 00003D
___ftdiv@f3                                       cstackCOMRAM 000044
___ftdiv@sign                                     cstackCOMRAM 000048
___ftge                                           text47       00266E
___ftge@ff1                                       cstackCOMRAM 000015
___ftge@ff2                                       cstackCOMRAM 000018
___ftmul                                          text35       0020D0
___ftmul@cntr                                     cstackCOMRAM 000022
___ftmul@exp                                      cstackCOMRAM 00001E
___ftmul@f1                                       cstackCOMRAM 000015
___ftmul@f2                                       cstackCOMRAM 000018
___ftmul@f3_as_product                            cstackCOMRAM 00001F
___ftmul@sign                                     cstackCOMRAM 000023
___ftneg                                          text46       002C5E
___ftneg@f1                                       cstackCOMRAM 000024
___ftpack                                         text50       00248E
___ftpack@arg                                     cstackCOMRAM 000001
___ftpack@exp                                     cstackCOMRAM 000004
___ftpack@sign                                    cstackCOMRAM 000005
___ftsub                                          text44       002A50
___ftsub@f1                                       cstackCOMRAM 00003A
___ftsub@f2                                       cstackCOMRAM 00003D
___fttol                                          text43       0021C4
___fttol@exp1                                     cstackCOMRAM 000032
___fttol@f1                                       cstackCOMRAM 000024
___fttol@lval                                     cstackCOMRAM 00002E
___fttol@sign1                                    cstackCOMRAM 00002D
___inthi_sp                                       stack        000000
___intlo_sp                                       stack        000000
___lldiv                                          text42       002782
___lldiv@counter                                  cstackCOMRAM 00000D
___lldiv@dividend                                 cstackCOMRAM 000001
___lldiv@divisor                                  cstackCOMRAM 000005
___lldiv@quotient                                 cstackCOMRAM 000009
___llmod                                          text41       0028E6
___llmod@counter                                  cstackCOMRAM 000016
___llmod@dividend                                 cstackCOMRAM 00000E
___llmod@divisor                                  cstackCOMRAM 000012
___lltoft                                         text40       0029A8
___lltoft@c                                       cstackCOMRAM 000009
___lltoft@exp                                     cstackCOMRAM 000011
___param_bank                                     (abs)        000000
___rparam_used                                    (abs)        000001
___sp                                             stack        000000
___wmul                                           text34       002C14
___wmul@multiplicand                              cstackCOMRAM 000011
___wmul@multiplier                                cstackCOMRAM 00000F
___wmul@product                                   cstackCOMRAM 000013
__accesstop                                       (abs)        000080
__activetblptr                                    (abs)        000003
__div_to_l_                                       text39       001FA8
__div_to_l_@cntr                                  cstackCOMRAM 00000B
__div_to_l_@exp1                                  cstackCOMRAM 00000C
__div_to_l_@f1                                    cstackCOMRAM 000001
__div_to_l_@f2                                    cstackCOMRAM 000004
__div_to_l_@quot                                  cstackCOMRAM 000007
__end_of___awdiv                                  text37       002782
__end_of___awmod                                  text36       0028E6
__end_of___awtoft                                 text49       002BB4
__end_of___ftadd                                  text45       001E76
__end_of___ftdiv                                  text48       00248E
__end_of___ftge                                   text47       0026FE
__end_of___ftmul                                  text35       0021C4
__end_of___ftneg                                  text46       002C82
__end_of___ftpack                                 text50       00253C
__end_of___ftsub                                  text44       002A90
__end_of___fttol                                  text43       0022B8
__end_of___lldiv                                  text42       002804
__end_of___llmod                                  text41       00294C
__end_of___lltoft                                 text40       002A04
__end_of___wmul                                   text34       002C3A
__end_of__div_to_l_                               text39       0020D0
__end_of__initialization                          cinit        002CFE
__end_of__npowers_                                mediumconst  00FC05
__end_of__powers_                                 mediumconst  00FBDE
__end_of__tdiv_to_l_                              text38       001FA8
__end_of_configureAdc                             text13       002BEA
__end_of_configureGpios                           text10       002D6A
__end_of_configureInterrupts                      text9        002DA6
__end_of_configureTimer0                          text8        002CBE
__end_of_configureUart                            text7        002C14
__end_of_converterFloatParaString                 text30       002C5E
__end_of_converterIntParaString                   text29       002CA2
__end_of_desabilitarCarregamentoDaBateria         text12       002D30
__end_of_desabilitarDescarregamentoDaBateria      text11       002D1C
__end_of_desabilitarTimer0                        text6        002DAE
__end_of_dpowers                                  mediumconst  00FBB7
__end_of_escreverCharUart                         text5        002D78
__end_of_escreverStringUart                       text3        00266E
__end_of_fround                                   text33       001CCA
__end_of_habilitarCarregamentoDaBateria           text28       002D9C
__end_of_habilitarDescarregamentoDaBateria        text27       002D90
__end_of_habilitarTimer0                          text2        002DAA
__end_of_indexDoMenorValor                        text26       0023A8
__end_of_lerAdcAn0                                text25       002B44
__end_of_lerAdcAn1                                text24       002B08
__end_of_lerAdcAn2                                text23       002ACC
__end_of_main                                     text0        0025DE
__end_of_scale                                    text32       001A60
__end_of_sinalizacaoAprovada                      text22       002B7C
__end_of_sinalizacaoBeep                          text1        002CF2
__end_of_sinalizacaoFalha                         text21       002CDA
__end_of_sprintf                                  text31       001628
__end_of_tamanhoDaString                          text4        0029A8
__end_of_tratamento                               intcode_body 000EC6
__end_ofi2_desabilitarCarregamentoDaBateria       text20       002D58
__end_ofi2_desabilitarDescarregamentoDaBateria    text19       002D44
__end_ofi2_desabilitarTimer0                      text18       002DB2
__end_ofi2_escreverCharUart                       text17       002D84
__end_ofi2_escreverStringUart                     text15       002876
__end_ofi2_tamanhoDaString                        text16       002A50
__initialization                                  cinit        002CF2
__mediumconst                                     mediumconst  00FB8E
__npowers_                                        mediumconst  00FBDE
__pbssBANK0                                       bssBANK0     0000B0
__pcinit                                          cinit        002CF2
__pcstackBANK0                                    cstackBANK0  000080
__pcstackBANK1                                    cstackBANK1  000100
__pcstackCOMRAM                                   cstackCOMRAM 000001
__pintcode                                        intcode      000008
__pintcode_body                                   intcode_body 000012
__pmediumconst                                    mediumconst  00FB8E
__powers_                                         mediumconst  00FBB7
__ptext0                                          text0        00253C
__ptext1                                          text1        002CDA
__ptext10                                         text10       002D58
__ptext11                                         text11       002D08
__ptext12                                         text12       002D1C
__ptext13                                         text13       002BB4
__ptext15                                         text15       002804
__ptext16                                         text16       002A04
__ptext17                                         text17       002D78
__ptext18                                         text18       002DAE
__ptext19                                         text19       002D30
__ptext2                                          text2        002DA6
__ptext20                                         text20       002D44
__ptext21                                         text21       002CBE
__ptext22                                         text22       002B44
__ptext23                                         text23       002A90
__ptext24                                         text24       002ACC
__ptext25                                         text25       002B08
__ptext26                                         text26       0022B8
__ptext27                                         text27       002D84
__ptext28                                         text28       002D90
__ptext29                                         text29       002C82
__ptext3                                          text3        0025DE
__ptext30                                         text30       002C3A
__ptext31                                         text31       000EC6
__ptext32                                         text32       001628
__ptext33                                         text33       001A60
__ptext34                                         text34       002C14
__ptext35                                         text35       0020D0
__ptext36                                         text36       002876
__ptext37                                         text37       0026FE
__ptext38                                         text38       001E76
__ptext39                                         text39       001FA8
__ptext4                                          text4        00294C
__ptext40                                         text40       0029A8
__ptext41                                         text41       0028E6
__ptext42                                         text42       002782
__ptext43                                         text43       0021C4
__ptext44                                         text44       002A50
__ptext45                                         text45       001CCA
__ptext46                                         text46       002C5E
__ptext47                                         text47       00266E
__ptext48                                         text48       0023A8
__ptext49                                         text49       002B7C
__ptext5                                          text5        002D6A
__ptext50                                         text50       00248E
__ptext6                                          text6        002DAA
__ptext7                                          text7        002BEA
__ptext8                                          text8        002CA2
__ptext9                                          text9        002D9C
__ramtop                                          ramtop       001000
__size_of___awdiv                                 (abs)        000000
__size_of___awmod                                 (abs)        000000
__size_of___awtoft                                (abs)        000000
__size_of___ftadd                                 (abs)        000000
__size_of___ftdiv                                 (abs)        000000
__size_of___ftge                                  (abs)        000000
__size_of___ftmul                                 (abs)        000000
__size_of___ftneg                                 (abs)        000000
__size_of___ftpack                                (abs)        000000
__size_of___ftsub                                 (abs)        000000
__size_of___fttol                                 (abs)        000000
__size_of___lldiv                                 (abs)        000000
__size_of___llmod                                 (abs)        000000
__size_of___lltoft                                (abs)        000000
__size_of___wmul                                  (abs)        000000
__size_of__div_to_l_                              (abs)        000000
__size_of__tdiv_to_l_                             (abs)        000000
__size_of_configureAdc                            (abs)        000000
__size_of_configureGpios                          (abs)        000000
__size_of_configureInterrupts                     (abs)        000000
__size_of_configureTimer0                         (abs)        000000
__size_of_configureUart                           (abs)        000000
__size_of_converterFloatParaString                (abs)        000000
__size_of_converterIntParaString                  (abs)        000000
__size_of_desabilitarCarregamentoDaBateria        (abs)        000000
__size_of_desabilitarDescarregamentoDaBateria     (abs)        000000
__size_of_desabilitarTimer0                       (abs)        000000
__size_of_escreverCharUart                        (abs)        000000
__size_of_escreverStringUart                      (abs)        000000
__size_of_fround                                  (abs)        000000
__size_of_habilitarCarregamentoDaBateria          (abs)        000000
__size_of_habilitarDescarregamentoDaBateria       (abs)        000000
__size_of_habilitarTimer0                         (abs)        000000
__size_of_indexDoMenorValor                       (abs)        000000
__size_of_lerAdcAn0                               (abs)        000000
__size_of_lerAdcAn1                               (abs)        000000
__size_of_lerAdcAn2                               (abs)        000000
__size_of_main                                    (abs)        000000
__size_of_scale                                   (abs)        000000
__size_of_sinalizacaoAprovada                     (abs)        000000
__size_of_sinalizacaoBeep                         (abs)        000000
__size_of_sinalizacaoFalha                        (abs)        000000
__size_of_sprintf                                 (abs)        000000
__size_of_tamanhoDaString                         (abs)        000000
__size_of_tratamento                              (abs)        000000
__size_ofi2_desabilitarCarregamentoDaBateria      (abs)        000000
__size_ofi2_desabilitarDescarregamentoDaBateria   (abs)        000000
__size_ofi2_desabilitarTimer0                     (abs)        000000
__size_ofi2_escreverCharUart                      (abs)        000000
__size_ofi2_escreverStringUart                    (abs)        000000
__size_ofi2_tamanhoDaString                       (abs)        000000
__smallconst                                      smallconst   000000
__tdiv_to_l_                                      text38       001E76
__tdiv_to_l_@cntr                                 cstackCOMRAM 00000E
__tdiv_to_l_@exp1                                 cstackCOMRAM 00000F
__tdiv_to_l_@f1                                   cstackCOMRAM 000001
__tdiv_to_l_@f2                                   cstackCOMRAM 000004
__tdiv_to_l_@quot                                 cstackCOMRAM 00000A
_configureAdc                                     text13       002BB4
_configureGpios                                   text10       002D58
_configureInterrupts                              text9        002D9C
_configureTimer0                                  text8        002CA2
_configureUart                                    text7        002BEA
_contador                                         bssBANK0     0000C6
_converterFloatParaString                         text30       002C3A
_converterIntParaString                           text29       002C82
_correnteNaBateria                                bssBANK0     0000B0
_desabilitarCarregamentoDaBateria                 text12       002D1C
_desabilitarDescarregamentoDaBateria              text11       002D08
_desabilitarTimer0                                text6        002DAA
_dpowers                                          mediumconst  00FB8F
_escreverCharUart                                 text5        002D6A
_escreverStringUart                               text3        0025DE
_fround                                           text33       001A60
_fround$1469                                      cstackCOMRAM 00002A
_fround$1470                                      cstackCOMRAM 000027
_habilitarCarregamentoDaBateria                   text28       002D90
_habilitarDescarregamentoDaBateria                text27       002D84
_habilitarTimer0                                  text2        002DA6
_indexDoMenorValor                                text26       0022B8
_lerAdcAn0                                        text25       002B08
_lerAdcAn1                                        text24       002ACC
_lerAdcAn2                                        text23       002A90
_main                                             text0        00253C
_resultadoDosTestes                               bssBANK0     0000BF
_scale                                            text32       001628
_scale$1471                                       cstackCOMRAM 000027
_sinalizacaoAprovada                              text22       002B44
_sinalizacaoBeep                                  text1        002CDA
_sinalizacaoFalha                                 text21       002CBE
_sprintf                                          text31       000EC6
_sprintf$1472                                     cstackCOMRAM 00004D
_statusDaBateria                                  bssBANK0     0000C4
_tamanhoDaString                                  text4        00294C
_tempoEmSegundos                                  bssBANK0     0000C5
_tensaoNaBateria                                  bssBANK0     0000C7
_tratamento                                       intcode      000008
_tratamento$1464                                  cstackBANK0  0000A7
_tratamento$1465                                  cstackBANK0  0000AA
_tratamento$1466                                  cstackBANK0  0000AD
_tratamento$1467                                  cstackBANK0  00009B
_tratamento$1468                                  cstackBANK0  000090
btemp                                             temp         000079
converterFloatParaString@string                   cstackCOMRAM 000067
converterFloatParaString@valorParaSerConvertido   cstackCOMRAM 000064
converterIntParaString@string                     cstackCOMRAM 000066
converterIntParaString@valorParaSerConvertido     cstackCOMRAM 000064
end_of_initialization                             cinit        002CFE
escreverCharUart@caracter                         cstackBANK1  000100
escreverStringUart@contador                       cstackBANK1  00010C
escreverStringUart@string                         cstackBANK1  000106
escreverStringUart@tamanhoDaStr                   cstackBANK1  00010A
fround@prec                                       cstackCOMRAM 00002D
i2_desabilitarCarregamentoDaBateria               text20       002D44
i2_desabilitarDescarregamentoDaBateria            text19       002D30
i2_desabilitarTimer0                              text18       002DAE
i2_escreverCharUart                               text17       002D78
i2_escreverStringUart                             text15       002804
i2_tamanhoDaString                                text16       002A04
i2escreverCharUart@caracter                       cstackCOMRAM 000001
i2escreverStringUart@contador                     cstackCOMRAM 000077
i2escreverStringUart@string                       cstackCOMRAM 000071
i2escreverStringUart@tamanhoDaStr                 cstackCOMRAM 000075
i2tamanhoDaString@lenght                          cstackCOMRAM 000005
i2tamanhoDaString@string                          cstackCOMRAM 000001
indexDoMenorValor@contador                        cstackCOMRAM 000028
indexDoMenorValor@dados                           cstackCOMRAM 00001E
indexDoMenorValor@index                           cstackCOMRAM 000026
indexDoMenorValor@menorValor                      cstackCOMRAM 000023
indexDoMenorValor@quantidadeDeValoresParaAnalisar cstackCOMRAM 000020
int$flags                                         temp         000079
int_func                                          intcode_body 000012
intlevel0                                         text         000000
intlevel1                                         text         000000
intlevel2                                         text         000000
intlevel3                                         text         000000
lerAdcAn0@valorLido                               cstackCOMRAM 000005
lerAdcAn1@valorLido                               cstackCOMRAM 000005
lerAdcAn2@valorLido                               cstackCOMRAM 000005
scale@scl                                         cstackCOMRAM 00002A
sinalizacaoAprovada@repeticoes                    cstackCOMRAM 000002
sprintf@ap                                        cstackCOMRAM 000050
sprintf@c                                         cstackCOMRAM 000063
sprintf@exp                                       cstackCOMRAM 00005A
sprintf@f                                         cstackCOMRAM 000042
sprintf@flag                                      cstackCOMRAM 000052
sprintf@fval                                      cstackCOMRAM 000060
sprintf@prec                                      cstackCOMRAM 000054
sprintf@sp                                        cstackCOMRAM 000040
sprintf@tmpval                                    cstackCOMRAM 00005C
sprintf@val                                       cstackCOMRAM 000056
stackhi                                           (abs)        000F7F
stacklo                                           (abs)        000110
start                                             init         00000E
start_initialization                              cinit        002CF2
tamanhoDaString@lenght                            cstackBANK1  000104
tamanhoDaString@string                            cstackBANK1  000100
tratamento@correnteMedia                          cstackBANK0  0000A1
tratamento@correnteMedia_790                      cstackBANK0  0000A4
tratamento@indexTensaoMinima                      cstackBANK0  000099
tratamento@tensaoMedia                            cstackBANK0  000093
tratamento@tensaoMedia_762                        cstackBANK0  00009E
tratamento@tensaoMedia_781                        cstackBANK0  000096


FUNCTION INFORMATION:

 *************** function _main *****************
 Defined at:
		line 48 in file "aplicacao.c"
 Parameters:    Size  Location     Type
		None
 Auto vars:     Size  Location     Type
		None
 Return value:  Size  Location     Type
                  1    wreg      void 
 Registers used:
		wreg, fsr0l, fsr0h, status,2, status,0, tblptrl, tblptrh, tblptru, cstack
 Tracked objects:
		On entry : 
		On exit  : 
		Unchanged: 
 Data sizes:     COMRAM   BANK0   BANK1   BANK2   BANK3   BANK4   BANK5   BANK6   BANK7   BANK8   BANK9  BANK10  BANK11  BANK12  BANK13  BANK14  BANK15
      Params:         0       0       0       0       0       0       0       0       0       0       0       0       0       0       0       0       0
      Locals:         0       0       0       0       0       0       0       0       0       0       0       0       0       0       0       0       0
      Temps:          0       0       2       0       0       0       0       0       0       0       0       0       0       0       0       0       0
      Totals:         0       0       2       0       0       0       0       0       0       0       0       0       0       0       0       0       0
Total ram usage:        2 bytes
 Hardware stack levels required when called:    8
 This function calls:
		_configureAdc
		_configureGpios
		_configureInterrupts
		_configureTimer0
		_configureUart
		_desabilitarTimer0
		_escreverStringUart
		_habilitarTimer0
		_sinalizacaoBeep
 This function is called by:
		Startup code after reset
 This function uses a non-reentrant model


 *************** function _sinalizacaoBeep *****************
 Defined at:
		line 24 in file "buzzer.h"
 Parameters:    Size  Location     Type
		None
 Auto vars:     Size  Location     Type
		None
 Return value:  Size  Location     Type
                  1    wreg      void 
 Registers used:
		wreg
 Tracked objects:
		On entry : 
		On exit  : 
		Unchanged: 
 Data sizes:     COMRAM   BANK0   BANK1   BANK2   BANK3   BANK4   BANK5   BANK6   BANK7   BANK8   BANK9  BANK10  BANK11  BANK12  BANK13  BANK14  BANK15
      Params:         0       0       0       0       0       0       0       0       0       0       0       0       0       0       0       0       0
      Locals:         0       0       0       0       0       0       0       0       0       0       0       0       0       0       0       0       0
      Temps:          0       0       1       0       0       0       0       0       0       0       0       0       0       0       0       0       0
      Totals:         0       0       1       0       0       0       0       0       0       0       0       0       0       0       0       0       0
Total ram usage:        1 bytes
 Hardware stack levels used:    1
 Hardware stack levels required when called:    6
 This function calls:
		Nothing
 This function is called by:
		_main
 This function uses a non-reentrant model


 *************** function _habilitarTimer0 *****************
 Defined at:
		line 34 in file "timer0.h"
 Parameters:    Size  Location     Type
		None
 Auto vars:     Size  Location     Type
		None
 Return value:  Size  Location     Type
                  1    wreg      void 
 Registers used:
		None
 Tracked objects:
		On entry : 
		On exit  : 
		Unchanged: 
 Data sizes:     COMRAM   BANK0   BANK1   BANK2   BANK3   BANK4   BANK5   BANK6   BANK7   BANK8   BANK9  BANK10  BANK11  BANK12  BANK13  BANK14  BANK15
      Params:         0       0       0       0       0       0       0       0       0       0       0       0       0       0       0       0       0
      Locals:         0       0       0       0       0       0       0       0       0       0       0       0       0       0       0       0       0
      Temps:          0       0       0       0       0       0       0       0       0       0       0       0       0       0       0       0       0
      Totals:         0       0       0       0       0       0       0       0       0       0       0       0       0       0       0       0       0
Total ram usage:        0 bytes
 Hardware stack levels used:    1
 Hardware stack levels required when called:    6
 This function calls:
		Nothing
 This function is called by:
		_main
 This function uses a non-reentrant model


 *************** function _escreverStringUart *****************
 Defined at:
		line 104 in file "uart.h"
 Parameters:    Size  Location     Type
  string          2    6[BANK1 ] PTR unsigned char 
		 -> STR_53(55), STR_52(29), STR_51(29), STR_50(55), 
		 -> STR_49(29), STR_48(28), STR_47(43), STR_46(42), 
		 -> STR_45(4), STR_44(17), STR_43(41), STR_42(40), 
		 -> STR_41(4), STR_40(23), STR_39(3), STR_38(16), 
		 -> STR_37(3), STR_36(11), STR_35(6), STR_34(9), 
		 -> STR_33(4), STR_32(68), STR_31(34), STR_30(30), 
		 -> STR_29(40), STR_28(39), STR_27(4), STR_26(17), 
		 -> STR_25(38), STR_24(37), STR_23(4), STR_22(16), 
		 -> STR_21(3), STR_20(11), STR_19(6), STR_18(9), 
		 -> STR_17(4), STR_16(68), STR_15(31), STR_14(27), 
		 -> STR_13(25), STR_12(26), STR_11(4), STR_10(16), 
		 -> STR_9(3), STR_8(9), STR_7(4), RAM(3967), 
		 -> STR_6(70), STR_5(30), STR_4(52), STR_3(46), 
 Auto vars:     Size  Location     Type
  contador        2   12[BANK1 ] int 
  tamanhoDaStr    2   10[BANK1 ] int 
 Return value:  Size  Location     Type
                  1    wreg      void 
 Registers used:
		wreg, fsr0l, fsr0h, status,2, status,0, tblptrl, tblptrh, tblptru, cstack
 Tracked objects:
		On entry : 
		On exit  : 
		Unchanged: 
 Data sizes:     COMRAM   BANK0   BANK1   BANK2   BANK3   BANK4   BANK5   BANK6   BANK7   BANK8   BANK9  BANK10  BANK11  BANK12  BANK13  BANK14  BANK15
      Params:         0       0       2       0       0       0       0       0       0       0       0       0       0       0       0       0       0
      Locals:         0       0       4       0       0       0       0       0       0       0       0       0       0       0       0       0       0
      Temps:          0       0       2       0       0       0       0       0       0       0       0       0       0       0       0       0       0
      Totals:         0       0       8       0       0       0       0       0       0       0       0       0       0       0       0       0       0
Total ram usage:        8 bytes
 Hardware stack levels used:    1
 Hardware stack levels required when called:    7
 This function calls:
		_escreverCharUart
		_tamanhoDaString
 This function is called by:
		_main
 This function uses a non-reentrant model


 *************** function _tamanhoDaString *****************
 Defined at:
		line 92 in file "uart.h"
 Parameters:    Size  Location     Type
  string          2    0[BANK1 ] PTR unsigned char 
		 -> STR_53(55), STR_52(29), STR_51(29), STR_50(55), 
		 -> STR_49(29), STR_48(28), STR_47(43), STR_46(42), 
		 -> STR_45(4), STR_44(17), STR_43(41), STR_42(40), 
		 -> STR_41(4), STR_40(23), STR_39(3), STR_38(16), 
		 -> STR_37(3), STR_36(11), STR_35(6), STR_34(9), 
		 -> STR_33(4), STR_32(68), STR_31(34), STR_30(30), 
		 -> STR_29(40), STR_28(39), STR_27(4), STR_26(17), 
		 -> STR_25(38), STR_24(37), STR_23(4), STR_22(16), 
		 -> STR_21(3), STR_20(11), STR_19(6), STR_18(9), 
		 -> STR_17(4), STR_16(68), STR_15(31), STR_14(27), 
		 -> STR_13(25), STR_12(26), STR_11(4), STR_10(16), 
		 -> STR_9(3), STR_8(9), STR_7(4), RAM(3967), 
		 -> STR_6(70), STR_5(30), STR_4(52), STR_3(46), 
 Auto vars:     Size  Location     Type
  lenght          2    4[BANK1 ] int 
 Return value:  Size  Location     Type
                  2    0[BANK1 ] int 
 Registers used:
		wreg, fsr0l, fsr0h, status,2, status,0, tblptrl, tblptrh, tblptru
 Tracked objects:
		On entry : 
		On exit  : 
		Unchanged: 
 Data sizes:     COMRAM   BANK0   BANK1   BANK2   BANK3   BANK4   BANK5   BANK6   BANK7   BANK8   BANK9  BANK10  BANK11  BANK12  BANK13  BANK14  BANK15
      Params:         0       0       2       0       0       0       0       0       0       0       0       0       0       0       0       0       0
      Locals:         0       0       2       0       0       0       0       0       0       0       0       0       0       0       0       0       0
      Temps:          0       0       2       0       0       0       0       0       0       0       0       0       0       0       0       0       0
      Totals:         0       0       6       0       0       0       0       0       0       0       0       0       0       0       0       0       0
Total ram usage:        6 bytes
 Hardware stack levels used:    1
 Hardware stack levels required when called:    6
 This function calls:
		Nothing
 This function is called by:
		_escreverStringUart
 This function uses a non-reentrant model


 *************** function _escreverCharUart *****************
 Defined at:
		line 50 in file "uart.h"
 Parameters:    Size  Location     Type
  caracter        1    wreg     unsigned char 
 Auto vars:     Size  Location     Type
  caracter        1    0[BANK1 ] unsigned char 
 Return value:  Size  Location     Type
                  1    wreg      void 
 Registers used:
		wreg
 Tracked objects:
		On entry : 
		On exit  : 
		Unchanged: 
 Data sizes:     COMRAM   BANK0   BANK1   BANK2   BANK3   BANK4   BANK5   BANK6   BANK7   BANK8   BANK9  BANK10  BANK11  BANK12  BANK13  BANK14  BANK15
      Params:         0       0       0       0       0       0       0       0       0       0       0       0       0       0       0       0       0
      Locals:         0       0       1       0       0       0       0       0       0       0       0       0       0       0       0       0       0
      Temps:          0       0       0       0       0       0       0       0       0       0       0       0       0       0       0       0       0
      Totals:         0       0       1       0       0       0       0       0       0       0       0       0       0       0       0       0       0
Total ram usage:        1 bytes
 Hardware stack levels used:    1
 Hardware stack levels required when called:    6
 This function calls:
		Nothing
 This function is called by:
		_escreverStringUart
 This function uses a non-reentrant model


 *************** function _desabilitarTimer0 *****************
 Defined at:
		line 38 in file "timer0.h"
 Parameters:    Size  Location     Type
		None
 Auto vars:     Size  Location     Type
		None
 Return value:  Size  Location     Type
                  1    wreg      void 
 Registers used:
		None
 Tracked objects:
		On entry : 
		On exit  : 
		Unchanged: 
 Data sizes:     COMRAM   BANK0   BANK1   BANK2   BANK3   BANK4   BANK5   BANK6   BANK7   BANK8   BANK9  BANK10  BANK11  BANK12  BANK13  BANK14  BANK15
      Params:         0       0       0       0       0       0       0       0       0       0       0       0       0       0       0       0       0
      Locals:         0       0       0       0       0       0       0       0       0       0       0       0       0       0       0       0       0
      Temps:          0       0       0       0       0       0       0       0       0       0       0       0       0       0       0       0       0
      Totals:         0       0       0       0       0       0       0       0       0       0       0       0       0       0       0       0       0
Total ram usage:        0 bytes
 Hardware stack levels used:    1
 Hardware stack levels required when called:    6
 This function calls:
		Nothing
 This function is called by:
		_main
 This function uses a non-reentrant model


 *************** function _configureUart *****************
 Defined at:
		line 15 in file "uart.h"
 Parameters:    Size  Location     Type
		None
 Auto vars:     Size  Location     Type
		None
 Return value:  Size  Location     Type
                  1    wreg      void 
 Registers used:
		wreg, status,2
 Tracked objects:
		On entry : 
		On exit  : 
		Unchanged: 
 Data sizes:     COMRAM   BANK0   BANK1   BANK2   BANK3   BANK4   BANK5   BANK6   BANK7   BANK8   BANK9  BANK10  BANK11  BANK12  BANK13  BANK14  BANK15
      Params:         0       0       0       0       0       0       0       0       0       0       0       0       0       0       0       0       0
      Locals:         0       0       0       0       0       0       0       0       0       0       0       0       0       0       0       0       0
      Temps:          0       0       0       0       0       0       0       0       0       0       0       0       0       0       0       0       0
      Totals:         0       0       0       0       0       0       0       0       0       0       0       0       0       0       0       0       0
Total ram usage:        0 bytes
 Hardware stack levels used:    1
 Hardware stack levels required when called:    6
 This function calls:
		Nothing
 This function is called by:
		_main
 This function uses a non-reentrant model


 *************** function _configureTimer0 *****************
 Defined at:
		line 23 in file "timer0.h"
 Parameters:    Size  Location     Type
		None
 Auto vars:     Size  Location     Type
		None
 Return value:  Size  Location     Type
                  1    wreg      void 
 Registers used:
		wreg, status,2
 Tracked objects:
		On entry : 
		On exit  : 
		Unchanged: 
 Data sizes:     COMRAM   BANK0   BANK1   BANK2   BANK3   BANK4   BANK5   BANK6   BANK7   BANK8   BANK9  BANK10  BANK11  BANK12  BANK13  BANK14  BANK15
      Params:         0       0       0       0       0       0       0       0       0       0       0       0       0       0       0       0       0
      Locals:         0       0       0       0       0       0       0       0       0       0       0       0       0       0       0       0       0
      Temps:          0       0       0       0       0       0       0       0       0       0       0       0       0       0       0       0       0
      Totals:         0       0       0       0       0       0       0       0       0       0       0       0       0       0       0       0       0
Total ram usage:        0 bytes
 Hardware stack levels used:    1
 Hardware stack levels required when called:    6
 This function calls:
		Nothing
 This function is called by:
		_main
 This function uses a non-reentrant model


[...]
 Return value:  Size  Location     Type
                  4    0[COMRAM] unsigned long 
 Registers used:
		wreg, status,2, status,0
 Tracked objects:
		On entry : 
		On exit  : 
		Unchanged: 
 Data sizes:     COMRAM   BANK0   BANK1   BANK2   BANK3   BANK4   BANK5   BANK6   BANK7   BANK8   BANK9  BANK10  BANK11  BANK12  BANK13  BANK14  BANK15
      Params:         8       0       0       0       0       0       0       0       0       0       0       0       0       0       0       0       0
      Locals:         5       0       0       0       0       0       0       0       0       0       0       0       0       0       0       0       0
      Temps:          0       0       0       0       0       0       0       0       0       0       0       0       0       0       0       0       0
      Totals:        13       0       0       0       0       0       0       0       0       0       0       0       0       0       0       0       0
Total ram usage:       13 bytes
 Hardware stack levels used:    1
 This function calls:
		Nothing
 This function is called by:
		_sprintf
 This function uses a non-reentrant model


 *************** function ___fttol *****************
 Defined at:
		line 44 in file "C:\Program Files (x86)\Microchip\xc8\v1.42\sources\common\fttol.c"
 Parameters:    Size  Location     Type
  f1              3   35[COMRAM] float 
 Auto vars:     Size  Location     Type
  lval            4   45[COMRAM] unsigned long 
  exp1            1   49[COMRAM] unsigned char 
  sign1           1   44[COMRAM] unsigned char 
 Return value:  Size  Location     Type
                  4   35[COMRAM] long 
 Registers used:
		wreg, status,2, status,0
 Tracked objects:
		On entry : 
		On exit  : 
		Unchanged: 
 Data sizes:     COMRAM   BANK0   BANK1   BANK2   BANK3   BANK4   BANK5   BANK6   BANK7   BANK8   BANK9  BANK10  BANK11  BANK12  BANK13  BANK14  BANK15
      Params:         4       0       0       0       0       0       0       0       0       0       0       0       0       0       0       0       0
      Locals:         6       0       0       0       0       0       0       0       0       0       0       0       0       0       0       0       0
      Temps:          5       0       0       0       0       0       0       0       0       0       0       0       0       0       0       0       0
      Totals:        15       0       0       0       0       0       0       0       0       0       0       0       0       0       0       0       0
Total ram usage:       15 bytes
 Hardware stack levels used:    1
 This function calls:
		Nothing
 This function is called by:
		_sprintf
 This function uses a non-reentrant model


 *************** function ___ftsub *****************
 Defined at:
		line 20 in file "C:\Program Files (x86)\Microchip\xc8\v1.42\sources\common\ftsub.c"
 Parameters:    Size  Location     Type
  f1              3   57[COMRAM] float 
  f2              3   60[COMRAM] float 
 Auto vars:     Size  Location     Type
		None
 Return value:  Size  Location     Type
                  3   57[COMRAM] float 
 Registers used:
		wreg, status,2, status,0, cstack
 Tracked objects:
		On entry : 
		On exit  : 
		Unchanged: 
 Data sizes:     COMRAM   BANK0   BANK1   BANK2   BANK3   BANK4   BANK5   BANK6   BANK7   BANK8   BANK9  BANK10  BANK11  BANK12  BANK13  BANK14  BANK15
      Params:         6       0       0       0       0       0       0       0       0       0       0       0       0       0       0       0       0
      Locals:         0       0       0       0       0       0       0       0       0       0       0       0       0       0       0       0       0
      Temps:          0       0       0       0       0       0       0       0       0       0       0       0       0       0       0       0       0
      Totals:         6       0       0       0       0       0       0       0       0       0       0       0       0       0       0       0       0
Total ram usage:        6 bytes
 Hardware stack levels used:    1
 Hardware stack levels required when called:    2
 This function calls:
		___ftadd
 This function is called by:
		_sprintf
 This function uses a non-reentrant model


 *************** function ___ftadd *****************
 Defined at:
		line 86 in file "C:\Program Files (x86)\Microchip\xc8\v1.42\sources\common\ftadd.c"
 Parameters:    Size  Location     Type
  f1              3   45[COMRAM] float 
  f2              3   48[COMRAM] float 
 Auto vars:     Size  Location     Type
  exp1            1   56[COMRAM] unsigned char 
  exp2            1   55[COMRAM] unsigned char 
  sign            1   54[COMRAM] unsigned char 
 Return value:  Size  Location     Type
                  3   45[COMRAM] float 
 Registers used:
		wreg, status,2, status,0, cstack
 Tracked objects:
		On entry : 
		On exit  : 
		Unchanged: 
 Data sizes:     COMRAM   BANK0   BANK1   BANK2   BANK3   BANK4   BANK5   BANK6   BANK7   BANK8   BANK9  BANK10  BANK11  BANK12  BANK13  BANK14  BANK15
      Params:         6       0       0       0       0       0       0       0       0       0       0       0       0       0       0       0       0
      Locals:         3       0       0       0       0       0       0       0       0       0       0       0       0       0       0       0       0
      Temps:          3       0       0       0       0       0       0       0       0       0       0       0       0       0       0       0       0
      Totals:        12       0       0       0       0       0       0       0       0       0       0       0       0       0       0       0       0
Total ram usage:       12 bytes
 Hardware stack levels used:    1
 Hardware stack levels required when called:    1
 This function calls:
		___ftpack
 This function is called by:
		_tratamento
		_sprintf
		___ftsub
 This function uses a non-reentrant model


 *************** function ___ftneg *****************
 Defined at:
		line 15 in file "C:\Program Files (x86)\Microchip\xc8\v1.42\sources\common\ftneg.c"
 Parameters:    Size  Location     Type
  f1              3   35[COMRAM] float 
 Auto vars:     Size  Location     Type
		None
 Return value:  Size  Location     Type
                  3   35[COMRAM] float 
 Registers used:
		wreg, status,2, status,0
 Tracked objects:
		On entry : 
		On exit  : 
		Unchanged: 
 Data sizes:     COMRAM   BANK0   BANK1   BANK2   BANK3   BANK4   BANK5   BANK6   BANK7   BANK8   BANK9  BANK10  BANK11  BANK12  BANK13  BANK14  BANK15
      Params:         3       0       0       0       0       0       0       0       0       0       0       0       0       0       0       0       0
      Locals:         0       0       0       0       0       0       0       0       0       0       0       0       0       0       0       0       0
      Temps:          0       0       0       0       0       0       0       0       0       0       0       0       0       0       0       0       0
      Totals:         3       0       0       0       0       0       0       0       0       0       0       0       0       0       0       0       0
Total ram usage:        3 bytes
 Hardware stack levels used:    1
 This function calls:
		Nothing
 This function is called by:
		_tratamento
		_sprintf
 This function uses a non-reentrant model


 *************** function ___ftge *****************
 Defined at:
		line 4 in file "C:\Program Files (x86)\Microchip\xc8\v1.42\sources\common\ftge.c"
 Parameters:    Size  Location     Type
  ff1             3   20[COMRAM] float 
  ff2             3   23[COMRAM] float 
 Auto vars:     Size  Location     Type
		None
 Return value:  Size  Location     Type
		None               void
 Registers used:
		wreg, status,2, status,0
 Tracked objects:
		On entry : 
		On exit  : 
		Unchanged: 
 Data sizes:     COMRAM   BANK0   BANK1   BANK2   BANK3   BANK4   BANK5   BANK6   BANK7   BANK8   BANK9  BANK10  BANK11  BANK12  BANK13  BANK14  BANK15
      Params:         6       0       0       0       0       0       0       0       0       0       0       0       0       0       0       0       0
      Locals:         0       0       0       0       0       0       0       0       0       0       0       0       0       0       0       0       0
      Temps:          3       0       0       0       0       0       0       0       0       0       0       0       0       0       0       0       0
      Totals:         9       0       0       0       0       0       0       0       0       0       0       0       0       0       0       0       0
Total ram usage:        9 bytes
 Hardware stack levels used:    1
 This function calls:
		Nothing
 This function is called by:
		_indexDoMenorValor
		_tratamento
		_sprintf
 This function uses a non-reentrant model


 *************** function ___ftdiv *****************
 Defined at:
		line 54 in file "C:\Program Files (x86)\Microchip\xc8\v1.42\sources\common\ftdiv.c"
 Parameters:    Size  Location     Type
  f1              3   57[COMRAM] float 
  f2              3   60[COMRAM] float 
 Auto vars:     Size  Location     Type
  f3              3   67[COMRAM] float 
  sign            1   71[COMRAM] unsigned char 
  exp             1   70[COMRAM] unsigned char 
  cntr            1   66[COMRAM] unsigned char 
 Return value:  Size  Location     Type
                  3   57[COMRAM] float 
 Registers used:
		wreg, status,2, status,0, cstack
 Tracked objects:
		On entry : 
		On exit  : 
		Unchanged: 
 Data sizes:     COMRAM   BANK0   BANK1   BANK2   BANK3   BANK4   BANK5   BANK6   BANK7   BANK8   BANK9  BANK10  BANK11  BANK12  BANK13  BANK14  BANK15
      Params:         6       0       0       0       0       0       0       0       0       0       0       0       0       0       0       0       0
      Locals:         6       0       0       0       0       0       0       0       0       0       0       0       0       0       0       0       0
      Temps:          3       0       0       0       0       0       0       0       0       0       0       0       0       0       0       0       0
      Totals:        15       0       0       0       0       0       0       0       0       0       0       0       0       0       0       0       0
Total ram usage:       15 bytes
 Hardware stack levels used:    1
 Hardware stack levels required when called:    1
 This function calls:
		___ftpack
 This function is called by:
		_tratamento
 This function uses a non-reentrant model


 *************** function ___awtoft *****************
 Defined at:
		line 32 in file "C:\Program Files (x86)\Microchip\xc8\v1.42\sources\common\awtoft.c"
 Parameters:    Size  Location     Type
  c               2    8[COMRAM] int 
 Auto vars:     Size  Location     Type
  sign            1   11[COMRAM] unsigned char 
 Return value:  Size  Location     Type
                  3    8[COMRAM] float 
 Registers used:
		wreg, status,2, status,0, cstack
 Tracked objects:
		On entry : 
		On exit  : 
		Unchanged: 
 Data sizes:     COMRAM   BANK0   BANK1   BANK2   BANK3   BANK4   BANK5   BANK6   BANK7   BANK8   BANK9  BANK10  BANK11  BANK12  BANK13  BANK14  BANK15
      Params:         3       0       0       0       0       0       0       0       0       0       0       0       0       0       0       0       0
      Locals:         1       0       0       0       0       0       0       0       0       0       0       0       0       0       0       0       0
      Temps:          0       0       0       0       0       0       0       0       0       0       0       0       0       0       0       0       0
      Totals:         4       0       0       0       0       0       0       0       0       0       0       0       0       0       0       0       0
Total ram usage:        4 bytes
 Hardware stack levels used:    1
 Hardware stack levels required when called:    1
 This function calls:
		___ftpack
 This function is called by:
		_tratamento
 This function uses a non-reentrant model


 *************** function ___ftpack *****************
 Defined at:
		line 62 in file "C:\Program Files (x86)\Microchip\xc8\v1.42\sources\common\float.c"
 Parameters:    Size  Location     Type
  arg             3    0[COMRAM] unsigned um
  exp             1    3[COMRAM] unsigned char 
  sign            1    4[COMRAM] unsigned char 
 Auto vars:     Size  Location     Type
		None
 Return value:  Size  Location     Type
                  3    0[COMRAM] float 
 Registers used:
		wreg, status,2, status,0
 Tracked objects:
		On entry : 
		On exit  : 
		Unchanged: 
 Data sizes:     COMRAM   BANK0   BANK1   BANK2   BANK3   BANK4   BANK5   BANK6   BANK7   BANK8   BANK9  BANK10  BANK11  BANK12  BANK13  BANK14  BANK15
      Params:         5       0       0       0       0       0       0       0       0       0       0       0       0       0       0       0       0
      Locals:         0       0       0       0       0       0       0       0       0       0       0       0       0       0       0       0       0
      Temps:          3       0       0       0       0       0       0       0       0       0       0       0       0       0       0       0       0
      Totals:         8       0       0       0       0       0       0       0       0       0       0       0       0       0       0       0       0
Total ram usage:        8 bytes
 Hardware stack levels used:    1
 This function calls:
		Nothing
 This function is called by:
		___awtoft
		___ftadd
		___ftdiv
		___ftmul
		___lltoft
 This function uses a non-reentrant model



MODULE INFORMATION

Module		Function		Class		Link	Load	Size
C:\Program Files (x86)\Microchip\xc8\v1.42\sources\common\ftmul.c
		___ftmul       		CODE           	20D0	0000	245

C:\Program Files (x86)\Microchip\xc8\v1.42\sources\common\ftmul.c estimated size: 245

C:\Program Files (x86)\Microchip\xc8\v1.42\sources\common\ftdivl.c
		__tdiv_to_l_   		CODE           	1E76	0000	307

C:\Program Files (x86)\Microchip\xc8\v1.42\sources\common\ftdivl.c estimated size: 307

C:\Program Files (x86)\Microchip\xc8\v1.42\sources\common\ftdiv.c
		___ftdiv       		CODE           	23A8	0000	231

C:\Program Files (x86)\Microchip\xc8\v1.42\sources\common\ftdiv.c estimated size: 231

buzzer.h
		_sinalizacaoFalha		CODE           	2CBE	0000	29
		_sinalizacaoBeep		CODE           	2CDA	0000	25
		_sinalizacaoAprovada		CODE           	2B44	0000	57

buzzer.h estimated size: 111

C:\Program Files (x86)\Microchip\xc8\v1.42\sources\common\awdiv.c
		___awdiv       		CODE           	26FE	0000	133

C:\Program Files (x86)\Microchip\xc8\v1.42\sources\common\awdiv.c estimated size: 133

uart.h
		_tamanhoDaString		CODE           	294C	0000	93
		_converterFloatParaString		CODE           	2C3A	0000	37
		_configureUart 		CODE           	2BEA	0000	43
		_escreverCharUart		CODE           	2D6A	0000	15
		_converterIntParaString		CODE           	2C82	0000	33
		_escreverStringUart		CODE           	25DE	0000	145

uart.h estimated size: 366

C:\Program Files (x86)\Microchip\xc8\v1.42\sources\common\lldiv.c
		___lldiv       		CODE           	2782	0000	131

C:\Program Files (x86)\Microchip\xc8\v1.42\sources\common\lldiv.c estimated size: 131

C:\Program Files (x86)\Microchip\xc8\v1.42\sources\common\fldivl.c
		__div_to_l_    		CODE           	1FA8	0000	297

C:\Program Files (x86)\Microchip\xc8\v1.42\sources\common\fldivl.c estimated size: 297

interrupts.h
		_configureInterrupts		CODE           	2D9C	0000	11

interrupts.h estimated size: 11

C:\Program Files (x86)\Microchip\xc8\v1.42\sources\common\fttol.c
		___fttol       		CODE           	21C4	0000	245

C:\Program Files (x86)\Microchip\xc8\v1.42\sources\common\fttol.c estimated size: 245

C:\Program Files (x86)\Microchip\xc8\v1.42\sources\common\ftge.c
		___ftge        		CODE           	266E	0000	145

C:\Program Files (x86)\Microchip\xc8\v1.42\sources\common\ftge.c estimated size: 145

controleDaBateria.h
		_desabilitarDescarregamentoDaBateria		CODE           	2D08	0000	21
		_habilitarDescarregamentoDaBateria		CODE           	2D84	0000	13
		_habilitarCarregamentoDaBateria		CODE           	2D90	0000	13
		_desabilitarCarregamentoDaBateria		CODE           	2D1C	0000	21

controleDaBateria.h estimated size: 68

C:\Program Files (x86)\Microchip\xc8\v1.42\sources\common\awtoft.c
		___awtoft      		CODE           	2B7C	0000	57

C:\Program Files (x86)\Microchip\xc8\v1.42\sources\common\awtoft.c estimated size: 57

C:\Program Files (x86)\Microchip\xc8\v1.42\sources\common\ftadd.c
		___ftadd       		CODE           	1CCA	0000	429

C:\Program Files (x86)\Microchip\xc8\v1.42\sources\common\ftadd.c estimated size: 429

timer0.h
		_configureTimer0		CODE           	2CA2	0000	29
		_habilitarTimer0		CODE           	2DA6	0000	5
		_desabilitarTimer0		CODE           	2DAA	0000	5

timer0.h estimated size: 39

analiseDeDados.h
		_indexDoMenorValor		CODE           	22B8	0000	241

analiseDeDados.h estimated size: 241

adc.h
		_configureAdc  		CODE           	2BB4	0000	55
		_lerAdcAn0     		CODE           	2B08	0000	61
		_lerAdcAn1     		CODE           	2ACC	0000	61
		_lerAdcAn2     		CODE           	2A90	0000	61

adc.h estimated size: 238

aplicacao.c
		_main          		CODE           	253C	0000	163
		_configureGpios		CODE           	2D58	0000	19
		_tratamento    		CODE           	0008	0000	3771

aplicacao.c estimated size: 3953

shared
		i2_desabilitarCarregamentoDaBateria		CODE           	2D44	0000	21
		i2_tamanhoDaString		CODE           	2A04	0000	77
		__powers_      		MEDIUMCONST    	FBB7	0000	40
		_dpowers       		MEDIUMCONST    	FB8F	0000	41
		i2_escreverCharUart		CODE           	2D78	0000	13
		__npowers_     		MEDIUMCONST    	FBDE	0000	40
		__initialization		CODE           	2CF2	0000	13
		i2_escreverStringUart		CODE           	2804	0000	115
		i2_desabilitarDescarregamentoDaBateria		CODE           	2D30	0000	21
		i2_desabilitarTimer0		CODE           	2DAE	0000	5

shared estimated size: 386

C:\Program Files (x86)\Microchip\xc8\v1.42\sources\common\ftneg.c
		___ftneg       		CODE           	2C5E	0000	37

C:\Program Files (x86)\Microchip\xc8\v1.42\sources\common\ftneg.c estimated size: 37

C:\Program Files (x86)\Microchip\xc8\v1.42\sources\common\ftsub.c
		___ftsub       		CODE           	2A50	0000	65

C:\Program Files (x86)\Microchip\xc8\v1.42\sources\common\ftsub.c estimated size: 65

C:\Program Files (x86)\Microchip\xc8\v1.42\sources\common\float.c
		___ftpack      		CODE           	248E	0000	175

C:\Program Files (x86)\Microchip\xc8\v1.42\sources\common\float.c estimated size: 175

C:\Program Files (x86)\Microchip\xc8\v1.42\sources\common\doprnt.c
		_scale         		CODE           	1628	0000	1081
		_sprintf       		CODE           	0EC6	0000	1891
		_fround        		CODE           	1A60	0000	619

C:\Program Files (x86)\Microchip\xc8\v1.42\sources\common\doprnt.c estimated size: 3591

C:\Program Files (x86)\Microchip\xc8\v1.42\sources\common\awmod.c
		___awmod       		CODE           	2876	0000	113

C:\Program Files (x86)\Microchip\xc8\v1.42\sources\common\awmod.c estimated size: 113

C:\Program Files (x86)\Microchip\xc8\v1.42\sources\common\lltoft.c
		___lltoft      		CODE           	29A8	0000	93

C:\Program Files (x86)\Microchip\xc8\v1.42\sources\common\lltoft.c estimated size: 93

C:\Program Files (x86)\Microchip\xc8\v1.42\sources\common\llmod.c
		___llmod       		CODE           	28E6	0000	103

C:\Program Files (x86)\Microchip\xc8\v1.42\sources\common\llmod.c estimated size: 103

C:\Program Files (x86)\Microchip\xc8\v1.42\sources\common\Umul16.c
		___wmul        		CODE           	2C14	0000	39

C:\Program Files (x86)\Microchip\xc8\v1.42\sources\common\Umul16.c estimated size: 39

