Microchip MPLAB XC8 Compiler V1.42 ()

Linker command line:

-W-3 --edf=C:\Program Files (x86)\Microchip\xc8\v1.42\dat\en_msgs.txt -cs \
  -h+dist/default/production\CarregadorDeBateria.X.production.sym \
  --cmf=dist/default/production\CarregadorDeBateria.X.production.cmf -z \
  -Q18F2620 -oC:\Users\otavio\AppData\Local\Temp\sb0.2 \
  -Mdist/default/production/CarregadorDeBateria.X.production.map -E1 \
  -ver=XC8 -ASTACK=0110h-0f7fh -pstack=STACK -ACODE=00h-0FFFFh \
  -ACONST=00h-0FFFFh -ASMALLCONST=01000h-010FFhx240 \
  -AMEDIUMCONST=01000h-0FFFFh -ACOMRAM=01h-07Fh -AABS1=00h-0F7Fh \
  -ABIGRAM=01h-0F7Fh -ARAM=080h-0FFh,0100h-01FFhx14,0F00h-0F7Fh \
  -ABANK0=080h-0FFh -ABANK1=0100h-01FFh -ABANK2=0200h-02FFh \
  -ABANK3=0300h-03FFh -ABANK4=0400h-04FFh -ABANK5=0500h-05FFh \
  -ABANK6=0600h-06FFh -ABANK7=0700h-07FFh -ABANK8=0800h-08FFh \
  -ABANK9=0900h-09FFh -ABANK10=0A00h-0AFFh -ABANK11=0B00h-0BFFh \
  -ABANK12=0C00h-0CFFh -ABANK13=0D00h-0DFFh -ABANK14=0E00h-0EFFh \
  -ABANK15=0F00h-0F7Fh -ASFR=0F80h-0FFFh \
  -preset_vec=00h,intcode=08h,intcodelo,powerup,init -pramtop=01000h \
  -psmallconst=SMALLCONST -pmediumconst=MEDIUMCONST -pconst=CONST \
  -AFARRAM=00h-00h -ACONFIG=0300000h-030000Dh -pconfig=CONFIG \
  -AIDLOC=0200000h-0200007h -pidloc=IDLOC -AEEDATA=0F00000h-0F003FFh \
  -peeprom_data=EEDATA \
  -prdata=COMRAM,nvrram=COMRAM,nvbit=COMRAM,rbss=COMRAM,rbit=COMRAM \
  -pfarbss=FARRAM,fardata=FARRAM,nvFARRAM=FARRAM \
  -pintsave_regs=BIGRAM,bigbss=BIGRAM,bigdata=BIGRAM -pbss=RAM \
  -pidata=CODE,irdata=CODE,ibigdata=CODE,ifardata=CODE -prparam=COMRAM \
  C:\Users\otavio\AppData\Local\Temp\sb0.obj \
  dist/default/production\CarregadorDeBateria.X.production.obj 

Object code version is 3.11

Machine type is 18F2620

Call graph: (short form)




                Name                               Link     Load   Length Selector   Space Scale
C:\Users\otavio\AppData\Local\Temp\sb0.obj
                init                                  E        E        4        4       0
                reset_vec                             0        0        4        0       0
                idloc                            200000   200000        8   200000       0
                config                           300000   300000        E   300000       0
dist/default/production\CarregadorDeBateria.X.production.obj
                intcode                               8        8        6        4       0
                temp                                 7D       7D        1        1       1
                mediumconst                        FB66     FB66      49A     7DB3       0
                text49                             2774     2774       AE        4       0
                text48                             2D96     2D96       38        4       0
                text47                             25DC     25DC       E6        4       0
                text46                             28B2     28B2       90        4       0
                text45                             2E78     2E78       24        4       0
                text44                             1EFE     1EFE      1AC        4       0
                text43                             2CA6     2CA6       40        4       0
                text42                             23F8     23F8       F4        4       0
                text41                             2A4A     2A4A       82        4       0
                text40                             2B3C     2B3C       66        4       0
                text39                             2BFE     2BFE       5C        4       0
                text38                             21DC     21DC      128        4       0
                text37                             20AA     20AA      132        4       0
                text36                             29C6     29C6       84        4       0
                text35                             2ACC     2ACC       70        4       0
                text34                             2304     2304       F4        4       0
                text33                             2E2E     2E2E       26        4       0
                text32                             1C94     1C94      26A        4       0
                text31                             185C     185C      438        4       0
                text30                             10FA     10FA      762        4       0
                text29                             2E54     2E54       24        4       0
                text28                             2E9C     2E9C       20        4       0
                text27                             2FAA     2FAA        C        4       0
                text26                             2F9E     2F9E        C        4       0
                text25                             24EC     24EC       F0        4       0
                text24                             2D22     2D22       3C        4       0
                text23                             2CE6     2CE6       3C        4       0
                text22                             2D5E     2D5E       38        4       0
                text21                             2ED8     2ED8       1C        4       0
                text20                             2F5E     2F5E       14        4       0
                text19                             2F4A     2F4A       14        4       0
                text18                             2FC8     2FC8        4        4       0
                text17                             2F92     2F92        C        4       0
                text16                             2C5A     2C5A       4C        4       0
                text15                             2942     2942       84        4       0
                intcode_body                         12       12     10E8        4       0
                text13                             2DCE     2DCE       36        4       0
                text12                             2F36     2F36       14        4       0
                text11                             2F22     2F22       14        4       0
                text10                             2F72     2F72       12        4       0
                text9                              2FB6     2FB6        A        4       0
                text8                              2EBC     2EBC       1C        4       0
                text7                              2E04     2E04       2A        4       0
                text6                              2FC4     2FC4        4        4       0
                text5                              2F84     2F84        E        4       0
                text4                              2BA2     2BA2       5C        4       0
                text3                              2822     2822       90        4       0
                text2                              2FC0     2FC0        4        4       0
                text1                              2EF4     2EF4       18        4       0
                text0                              26C2     26C2       B2        4       0
                cstackCOMRAM                          1        1       7C        1       1
                cstackBANK0                          80       80       37       80       1
                cstackBANK1                         100      100       10      100       1
                bssBANK0                             B7       B7       26       80       1
                cinit                              2F0C     2F0C       16        4       0

TOTAL           Name                               Link     Load   Length     Space
        CLASS   STACK          

        CLASS   CODE           
                intcode                               8        8        6         0
                init                                  E        E        4         0
                reset_vec                             0        0        4         0
                text49                             2774     2774       AE         0
                text48                             2D96     2D96       38         0
                text47                             25DC     25DC       E6         0
                text46                             28B2     28B2       90         0
                text45                             2E78     2E78       24         0
                text44                             1EFE     1EFE      1AC         0
                text43                             2CA6     2CA6       40         0
                text42                             23F8     23F8       F4         0
                text41                             2A4A     2A4A       82         0
                text40                             2B3C     2B3C       66         0
                text39                             2BFE     2BFE       5C         0
                text38                             21DC     21DC      128         0
                text37                             20AA     20AA      132         0
                text36                             29C6     29C6       84         0
                text35                             2ACC     2ACC       70         0
                text34                             2304     2304       F4         0
                text33                             2E2E     2E2E       26         0
                text32                             1C94     1C94      26A         0
                text31                             185C     185C      438         0
                text30                             10FA     10FA      762         0
                text29                             2E54     2E54       24         0
                text28                             2E9C     2E9C       20         0
                text27                             2FAA     2FAA        C         0
                text26                             2F9E     2F9E        C         0
                text25                             24EC     24EC       F0         0
                text24                             2D22     2D22       3C         0
                text23                             2CE6     2CE6       3C         0
                text22                             2D5E     2D5E       38         0
                text21                             2ED8     2ED8       1C         0
                text20                             2F5E     2F5E       14         0
                text19                             2F4A     2F4A       14         0
                text18                             2FC8     2FC8        4         0
                text17                             2F92     2F92        C         0
                text16                             2C5A     2C5A       4C         0
                text15                             2942     2942       84         0
                intcode_body                         12       12     10E8         0
                text13                             2DCE     2DCE       36         0
                text12                             2F36     2F36       14         0
                text11                             2F22     2F22       14         0
                text10                             2F72     2F72       12         0
                text9                              2FB6     2FB6        A         0
                text8                              2EBC     2EBC       1C         0
                text7                              2E04     2E04       2A         0
                text6                              2FC4     2FC4        4         0
                text5                              2F84     2F84        E         0
                text4                              2BA2     2BA2       5C         0
                text3                              2822     2822       90         0
                text2                              2FC0     2FC0        4         0
                text1                              2EF4     2EF4       18         0
                text0                              26C2     26C2       B2         0
                cinit                              2F0C     2F0C       16         0

        CLASS   CONST          

        CLASS   SMALLCONST     

        CLASS   MEDIUMCONST    
                mediumconst                        FB66     FB66      49A         0

        CLASS   COMRAM         
                temp                                 7D       7D        1         1
                cstackCOMRAM                          1        1       7C         1

        CLASS   ABS1           

        CLASS   BIGRAM         

        CLASS   RAM            

        CLASS   BANK0          
                cstackBANK0                          80       80       37         1
                bssBANK0                             B7       B7       26         1

        CLASS   BANK1          
                cstackBANK1                         100      100       10         1

        CLASS   BANK2          

        CLASS   BANK3          

        CLASS   BANK4          

        CLASS   BANK5          

        CLASS   BANK6          

        CLASS   BANK7          

        CLASS   BANK8          

        CLASS   BANK9          

        CLASS   BANK10         

        CLASS   BANK11         

        CLASS   BANK12         

        CLASS   BANK13         

        CLASS   BANK14         

        CLASS   BANK15         

        CLASS   SFR            

        CLASS   FARRAM         

        CLASS   CONFIG         
                config                           300000   300000        E         0

        CLASS   IDLOC          
                idloc                            200000   200000        8         0

        CLASS   EEDATA         



SEGMENTS        Name                           Load    Length   Top    Selector   Space  Class

                reset_vec                      000000  000004  000004         0       0  CODE    
                cstackCOMRAM                   000001  00007D  00007E         1       1  COMRAM  
                intcode                        000008  002FC4  002FCC         4       0  CODE    
                cstackBANK0                    000080  00005D  0000DD        80       1  BANK0   
                cstackBANK1                    000100  000010  000110       100       1  BANK1   
                mediumconst                    00FB66  00049A  010000      7DB3       0  MEDIUMCO
                idloc                          200000  000008  200008    200000       0  IDLOC   
                config                         300000  00000E  30000E    300000       0  CONFIG  


UNUSED ADDRESS RANGES

        Name                Unused          Largest block    Delta
        BANK0            0000DD-0000FF               23
        BANK1            000110-0001FF               F0
        BANK10           000A00-000AFF              100
        BANK11           000B00-000BFF              100
        BANK12           000C00-000CFF              100
        BANK13           000D00-000DFF              100
        BANK14           000E00-000EFF              100
        BANK15           000F00-000F7F               80
        BANK2            000200-0002FF              100
        BANK3            000300-0003FF              100
        BANK4            000400-0004FF              100
        BANK5            000500-0005FF              100
        BANK6            000600-0006FF              100
        BANK7            000700-0007FF              100
        BANK8            000800-0008FF              100
        BANK9            000900-0009FF              100
        BIGRAM           00007E-00007F                2
                         0000DD-0000FF               23
                         000110-000F7F              E70
        CODE             000004-000007                4
                         002FCC-00FB65             CB9A
        COMRAM           00007E-00007F                2
        CONST            000004-000007                4
                         002FCC-00FB65             CB9A
        EEDATA           F00000-F003FF              400
        MEDIUMCONST      002FCC-00FB65             CB9A
        RAM              0000DD-0000FF               23
                         000110-000F7F              100
        SFR              000F80-000FFF               80
        SMALLCONST       002FCC-00FB65              100
        STACK            000110-000F7F              E70

                                  Symbol Table

?___awdiv                                         cstackCOMRAM 000007
?___awmod                                         cstackCOMRAM 000001
?___awtoft                                        cstackCOMRAM 000009
?___ftadd                                         cstackCOMRAM 000036
?___ftdiv                                         cstackCOMRAM 000024
?___ftmul                                         cstackCOMRAM 000015
?___ftneg                                         cstackCOMRAM 000033
?___ftpack                                        cstackCOMRAM 000001
?___ftsub                                         cstackCOMRAM 000042
?___fttol                                         cstackCOMRAM 000024
?___lldiv                                         cstackCOMRAM 000001
?___llmod                                         cstackCOMRAM 00000E
?___lltoft                                        cstackCOMRAM 000009
?___wmul                                          cstackCOMRAM 00000F
?__div_to_l_                                      cstackCOMRAM 000001
?__tdiv_to_l_                                     cstackCOMRAM 000001
?_fround                                          cstackCOMRAM 000024
?_indexDoMenorValor                               cstackCOMRAM 00001E
?_lerAdcAn0                                       cstackCOMRAM 000001
?_lerAdcAn1                                       cstackCOMRAM 000001
?_scale                                           cstackCOMRAM 000024
?_sprintf                                         cstackCOMRAM 000048
?_tamanhoDaString                                 cstackBANK1  000100
?i2_tamanhoDaString                               cstackCOMRAM 000001
_ADCON0bits                                       (abs)        000FC2
_ADCON1bits                                       (abs)        000FC1
_ADCON2bits                                       (abs)        000FC0
_ADRESH                                           (abs)        000FC4
_ADRESL                                           (abs)        000FC3
_BAUDCONbits                                      (abs)        000FB8
_INTCONbits                                       (abs)        000FF2
_PIE1bits                                         (abs)        000F9D
_PIR1bits                                         (abs)        000F9E
_PORTB                                            (abs)        000F81
_PORTBbits                                        (abs)        000F81
_RCSTAbits                                        (abs)        000FAB
_SPBRG                                            (abs)        000FAF
_T0CONbits                                        (abs)        000FD5
_TMR0H                                            (abs)        000FD7
_TMR0L                                            (abs)        000FD6
_TRISB                                            (abs)        000F93
_TRISCbits                                        (abs)        000F94
_TXREG                                            (abs)        000FAD
_TXSTAbits                                        (abs)        000FAC
__CFG_BOREN$SBORDIS                               (abs)        000000
__CFG_BORV$3                                      (abs)        000000
__CFG_CCP2MX$PORTC                                (abs)        000000
__CFG_CP0$OFF                                     (abs)        000000
__CFG_CP1$OFF                                     (abs)        000000
__CFG_CP2$OFF                                     (abs)        000000
__CFG_CP3$OFF                                     (abs)        000000
__CFG_CPB$OFF                                     (abs)        000000
__CFG_CPD$OFF                                     (abs)        000000
__CFG_EBTR0$OFF                                   (abs)        000000
__CFG_EBTR1$OFF                                   (abs)        000000
__CFG_EBTR2$OFF                                   (abs)        000000
__CFG_EBTR3$OFF                                   (abs)        000000
__CFG_EBTRB$OFF                                   (abs)        000000
__CFG_FCMEN$OFF                                   (abs)        000000
__CFG_IESO$OFF                                    (abs)        000000
__CFG_LPT1OSC$OFF                                 (abs)        000000
__CFG_LVP$OFF                                     (abs)        000000
__CFG_MCLRE$ON                                    (abs)        000000
__CFG_OSC$INTIO7                                  (abs)        000000
__CFG_PBADEN$ON                                   (abs)        000000
__CFG_PWRT$ON                                     (abs)        000000
__CFG_STVREN$OFF                                  (abs)        000000
__CFG_WDT$OFF                                     (abs)        000000
__CFG_WDTPS$32768                                 (abs)        000000
__CFG_WRT0$OFF                                    (abs)        000000
__CFG_WRT1$OFF                                    (abs)        000000
__CFG_WRT2$OFF                                    (abs)        000000
__CFG_WRT3$OFF                                    (abs)        000000
__CFG_WRTB$OFF                                    (abs)        000000
__CFG_WRTC$OFF                                    (abs)        000000
__CFG_WRTD$OFF                                    (abs)        000000
__CFG_XINST$OFF                                   (abs)        000000
__HRAM                                            (abs)        000000
__Habs1                                           abs1         000000
__Hbank0                                          bank0        000000
__Hbank1                                          bank1        000000
__Hbank10                                         bank10       000000
__Hbank11                                         bank11       000000
__Hbank12                                         bank12       000000
__Hbank13                                         bank13       000000
__Hbank14                                         bank14       000000
__Hbank15                                         bank15       000000
__Hbank2                                          bank2        000000
__Hbank3                                          bank3        000000
__Hbank4                                          bank4        000000
__Hbank5                                          bank5        000000
__Hbank6                                          bank6        000000
__Hbank7                                          bank7        000000
__Hbank8                                          bank8        000000
__Hbank9                                          bank9        000000
__Hbigbss                                         bigbss       000000
__Hbigdata                                        bigdata      000000
__Hbigram                                         bigram       000000
__Hbss                                            bss          000000
__HbssBANK0                                       bssBANK0     000000
__Hcinit                                          cinit        000000
__Hclrtext                                        clrtext      000000
__Hcomram                                         comram       000000
__Hconfig                                         config       30000E
__Hconst                                          const        000000
__HcstackBANK0                                    cstackBANK0  000000
__HcstackBANK1                                    cstackBANK1  000000
__HcstackCOMRAM                                   cstackCOMRAM 000000
__Hdata                                           data         000000
__Heeprom_data                                    eeprom_data  000000
__Hfarbss                                         farbss       000000
__Hfardata                                        fardata      000000
__Hibigdata                                       ibigdata     000000
__Hidata                                          idata        000000
__Hidloc                                          idloc        200008
__Hifardata                                       ifardata     000000
__Hinit                                           init         000012
__Hintcode                                        intcode      00000E
__Hintcode_body                                   intcode_body 000000
__Hintcodelo                                      intcodelo    00000E
__Hintentry                                       intentry     000000
__Hintret                                         intret       000000
__Hintsave_regs                                   intsave_regs 000000
__Hirdata                                         irdata       000000
__Hmediumconst                                    mediumconst  010000
__HnvFARRAM                                       nvFARRAM     000000
__Hnvbit                                          nvbit        000000
__Hnvrram                                         nvrram       000000
__Hparam                                          rparam       000000
__Hpowerup                                        powerup      00000E
__Hram                                            ram          000000
__Hramtop                                         ramtop       001000
__Hrbit                                           rbit         000000
__Hrbss                                           rbss         000000
__Hrdata                                          rdata        000000
__Hreset_vec                                      reset_vec    000004
__Hrparam                                         rparam       000000
__Hsfr                                            sfr          000000
__Hsmallconst                                     smallconst   000000
__Hspace_0                                        (abs)        30000E
__Hspace_1                                        (abs)        000110
__Hspace_2                                        (abs)        000000
__Hstack                                          stack        000000
__Hstruct                                         struct       000000
__Htemp                                           temp         00007E
__Htext                                           text         000000
__Htext0                                          text0        000000
__Htext1                                          text1        000000
__Htext10                                         text10       000000
__Htext11                                         text11       000000
__Htext12                                         text12       000000
__Htext13                                         text13       000000
__Htext15                                         text15       000000
__Htext16                                         text16       000000
__Htext17                                         text17       000000
__Htext18                                         text18       000000
__Htext19                                         text19       000000
__Htext2                                          text2        000000
__Htext20                                         text20       000000
__Htext21                                         text21       000000
__Htext22                                         text22       000000
__Htext23                                         text23       000000
__Htext24                                         text24       000000
__Htext25                                         text25       000000
__Htext26                                         text26       000000
__Htext27                                         text27       000000
__Htext28                                         text28       000000
__Htext29                                         text29       000000
__Htext3                                          text3        000000
__Htext30                                         text30       000000
__Htext31                                         text31       000000
__Htext32                                         text32       000000
__Htext33                                         text33       000000
__Htext34                                         text34       000000
__Htext35                                         text35       000000
__Htext36                                         text36       000000
__Htext37                                         text37       000000
__Htext38                                         text38       000000
__Htext39                                         text39       000000
__Htext4                                          text4        000000
__Htext40                                         text40       000000
__Htext41                                         text41       000000
__Htext42                                         text42       000000
__Htext43                                         text43       000000
__Htext44                                         text44       000000
__Htext45                                         text45       000000
__Htext46                                         text46       000000
__Htext47                                         text47       000000
__Htext48                                         text48       000000
__Htext49                                         text49       000000
__Htext5                                          text5        000000
__Htext6                                          text6        000000
__Htext7                                          text7        000000
__Htext8                                          text8        000000
__Htext9                                          text9        000000
__LRAM                                            (abs)        000001
__Labs1                                           abs1         000000
__Lbank0                                          bank0        000000
__Lbank1                                          bank1        000000
__Lbank10                                         bank10       000000
__Lbank11                                         bank11       000000
__Lbank12                                         bank12       000000
__Lbank13                                         bank13       000000
__Lbank14                                         bank14       000000
__Lbank15                                         bank15       000000
__Lbank2                                          bank2        000000
__Lbank3                                          bank3        000000
__Lbank4                                          bank4        000000
__Lbank5                                          bank5        000000
__Lbank6                                          bank6        000000
__Lbank7                                          bank7        000000
__Lbank8                                          bank8        000000
__Lbank9                                          bank9        000000
__Lbigbss                                         bigbss       000000
__Lbigdata                                        bigdata      000000
__Lbigram                                         bigram       000000
__Lbss                                            bss          000000
__LbssBANK0                                       bssBANK0     000000
__Lcinit                                          cinit        000000
__Lclrtext                                        clrtext      000000
__Lcomram                                         comram       000000
__Lconfig                                         config       300000
__Lconst                                          const        000000
__LcstackBANK0                                    cstackBANK0  000000
__LcstackBANK1                                    cstackBANK1  000000
__LcstackCOMRAM                                   cstackCOMRAM 000000
__Ldata                                           data         000000
__Leeprom_data                                    eeprom_data  000000
__Lfarbss                                         farbss       000000
__Lfardata                                        fardata      000000
__Libigdata                                       ibigdata     000000
__Lidata                                          idata        000000
__Lidloc                                          idloc        200000
__Lifardata                                       ifardata     000000
__Linit                                           init         00000E
__Lintcode                                        intcode      000008
__Lintcode_body                                   intcode_body 000000
__Lintcodelo                                      intcodelo    00000E
__Lintentry                                       intentry     000000
__Lintret                                         intret       000000
__Lintsave_regs                                   intsave_regs 000000
__Lirdata                                         irdata       000000
__Lmediumconst                                    mediumconst  00FB66
__LnvFARRAM                                       nvFARRAM     000000
__Lnvbit                                          nvbit        000000
__Lnvrram                                         nvrram       000000
__Lparam                                          rparam       000000
__Lpowerup                                        powerup      00000E
__Lram                                            ram          000000
__Lramtop                                         ramtop       001000
__Lrbit                                           rbit         000000
__Lrbss                                           rbss         000000
__Lrdata                                          rdata        000000
__Lreset_vec                                      reset_vec    000000
__Lrparam                                         rparam       000000
__Lsfr                                            sfr          000000
__Lsmallconst                                     smallconst   000000
__Lspace_0                                        (abs)        000000
__Lspace_1                                        (abs)        000000
__Lspace_2                                        (abs)        000000
__Lstack                                          stack        000000
__Lstruct                                         struct       000000
__Ltemp                                           temp         00007D
__Ltext                                           text         000000
__Ltext0                                          text0        000000
__Ltext1                                          text1        000000
__Ltext10                                         text10       000000
__Ltext11                                         text11       000000
__Ltext12                                         text12       000000
__Ltext13                                         text13       000000
__Ltext15                                         text15       000000
__Ltext16                                         text16       000000
__Ltext17                                         text17       000000
__Ltext18                                         text18       000000
__Ltext19                                         text19       000000
__Ltext2                                          text2        000000
__Ltext20                                         text20       000000
__Ltext21                                         text21       000000
__Ltext22                                         text22       000000
__Ltext23                                         text23       000000
__Ltext24                                         text24       000000
__Ltext25                                         text25       000000
__Ltext26                                         text26       000000
__Ltext27                                         text27       000000
__Ltext28                                         text28       000000
__Ltext29                                         text29       000000
__Ltext3                                          text3        000000
__Ltext30                                         text30       000000
__Ltext31                                         text31       000000
__Ltext32                                         text32       000000
__Ltext33                                         text33       000000
__Ltext34                                         text34       000000
__Ltext35                                         text35       000000
__Ltext36                                         text36       000000
__Ltext37                                         text37       000000
__Ltext38                                         text38       000000
__Ltext39                                         text39       000000
__Ltext4                                          text4        000000
__Ltext40                                         text40       000000
__Ltext41                                         text41       000000
__Ltext42                                         text42       000000
__Ltext43                                         text43       000000
__Ltext44                                         text44       000000
__Ltext45                                         text45       000000
__Ltext46                                         text46       000000
__Ltext47                                         text47       000000
__Ltext48                                         text48       000000
__Ltext49                                         text49       000000
__Ltext5                                          text5        000000
__Ltext6                                          text6        000000
__Ltext7                                          text7        000000
__Ltext8                                          text8        000000
__Ltext9                                          text9        000000
__S0                                              (abs)        30000E
__S1                                              (abs)        000110
__S2                                              (abs)        000000
___awdiv                                          text36       0029C6
___awdiv@counter                                  cstackCOMRAM 00000B
___awdiv@dividend                                 cstackCOMRAM 000007
___awdiv@divisor                                  cstackCOMRAM 000009
___awdiv@quotient                                 cstackCOMRAM 00000D
___awdiv@sign                                     cstackCOMRAM 00000C
___awmod                                          text35       002ACC
___awmod@counter                                  cstackCOMRAM 000005
___awmod@dividend                                 cstackCOMRAM 000001
___awmod@divisor                                  cstackCOMRAM 000003
___awmod@sign                                     cstackCOMRAM 000006
___awtoft                                         text48       002D96
___awtoft@c                                       cstackCOMRAM 000009
___awtoft@sign                                    cstackCOMRAM 00000C
___ftadd                                          text44       001EFE
___ftadd@exp1                                     cstackCOMRAM 000041
___ftadd@exp2                                     cstackCOMRAM 000040
___ftadd@f1                                       cstackCOMRAM 000036
___ftadd@f2                                       cstackCOMRAM 000039
___ftadd@sign                                     cstackCOMRAM 00003F
___ftdiv                                          text47       0025DC
___ftdiv@cntr                                     cstackCOMRAM 00002D
___ftdiv@exp                                      cstackCOMRAM 000031
___ftdiv@f1                                       cstackCOMRAM 000024
___ftdiv@f2                                       cstackCOMRAM 000027
___ftdiv@f3                                       cstackCOMRAM 00002E
___ftdiv@sign                                     cstackCOMRAM 000032
___ftge                                           text46       0028B2
___ftge@ff1                                       cstackCOMRAM 000015
___ftge@ff2                                       cstackCOMRAM 000018
___ftmul                                          text34       002304
___ftmul@cntr                                     cstackCOMRAM 000022
___ftmul@exp                                      cstackCOMRAM 00001E
___ftmul@f1                                       cstackCOMRAM 000015
___ftmul@f2                                       cstackCOMRAM 000018
___ftmul@f3_as_product                            cstackCOMRAM 00001F
___ftmul@sign                                     cstackCOMRAM 000023
___ftneg                                          text45       002E78
___ftneg@f1                                       cstackCOMRAM 000033
___ftpack                                         text49       002774
___ftpack@arg                                     cstackCOMRAM 000001
___ftpack@exp                                     cstackCOMRAM 000004
___ftpack@sign                                    cstackCOMRAM 000005
___ftsub                                          text43       002CA6
___ftsub@f1                                       cstackCOMRAM 000042
___ftsub@f2                                       cstackCOMRAM 000045
___fttol                                          text42       0023F8
___fttol@exp1                                     cstackCOMRAM 000032
___fttol@f1                                       cstackCOMRAM 000024
___fttol@lval                                     cstackCOMRAM 00002E
___fttol@sign1                                    cstackCOMRAM 00002D
___inthi_sp                                       stack        000000
___intlo_sp                                       stack        000000
___lldiv                                          text41       002A4A
___lldiv@counter                                  cstackCOMRAM 00000D
___lldiv@dividend                                 cstackCOMRAM 000001
___lldiv@divisor                                  cstackCOMRAM 000005
___lldiv@quotient                                 cstackCOMRAM 000009
___llmod                                          text40       002B3C
___llmod@counter                                  cstackCOMRAM 000016
___llmod@dividend                                 cstackCOMRAM 00000E
___llmod@divisor                                  cstackCOMRAM 000012
___lltoft                                         text39       002BFE
___lltoft@c                                       cstackCOMRAM 000009
___lltoft@exp                                     cstackCOMRAM 000011
___param_bank                                     (abs)        000000
___rparam_used                                    (abs)        000001
___sp                                             stack        000000
___wmul                                           text33       002E2E
___wmul@multiplicand                              cstackCOMRAM 000011
___wmul@multiplier                                cstackCOMRAM 00000F
___wmul@product                                   cstackCOMRAM 000013
__accesstop                                       (abs)        000080
__activetblptr                                    (abs)        000003
__div_to_l_                                       text38       0021DC
__div_to_l_@cntr                                  cstackCOMRAM 00000B
__div_to_l_@exp1                                  cstackCOMRAM 00000C
__div_to_l_@f1                                    cstackCOMRAM 000001
__div_to_l_@f2                                    cstackCOMRAM 000004
__div_to_l_@quot                                  cstackCOMRAM 000007
__end_of___awdiv                                  text36       002A4A
__end_of___awmod                                  text35       002B3C
__end_of___awtoft                                 text48       002DCE
__end_of___ftadd                                  text44       0020AA
__end_of___ftdiv                                  text47       0026C2
__end_of___ftge                                   text46       002942
__end_of___ftmul                                  text34       0023F8
__end_of___ftneg                                  text45       002E9C
__end_of___ftpack                                 text49       002822
__end_of___ftsub                                  text43       002CE6
__end_of___fttol                                  text42       0024EC
__end_of___lldiv                                  text41       002ACC
__end_of___llmod                                  text40       002BA2
__end_of___lltoft                                 text39       002C5A
__end_of___wmul                                   text33       002E54
__end_of__div_to_l_                               text38       002304
__end_of__initialization                          cinit        002F18
__end_of__npowers_                                mediumconst  00FBDD
__end_of__powers_                                 mediumconst  00FBB6
__end_of__tdiv_to_l_                              text37       0021DC
__end_of_configureAdc                             text13       002E04
__end_of_configureGpios                           text10       002F84
__end_of_configureInterrupts                      text9        002FC0
__end_of_configureTimer0                          text8        002ED8
__end_of_configureUart                            text7        002E2E
__end_of_converterFloatParaString                 text29       002E78
__end_of_converterIntParaString                   text28       002EBC
__end_of_desabilitarCarregamentoDaBateria         text12       002F4A
__end_of_desabilitarDescarregamentoDaBateria      text11       002F36
__end_of_desabilitarTimer0                        text6        002FC8
__end_of_dpowers                                  mediumconst  00FB8F
__end_of_escreverCharUart                         text5        002F92
__end_of_escreverStringUart                       text3        0028B2
__end_of_fround                                   text32       001EFE
__end_of_habilitarCarregamentoDaBateria           text27       002FB6
__end_of_habilitarDescarregamentoDaBateria        text26       002FAA
__end_of_habilitarTimer0                          text2        002FC4
__end_of_indexDoMenorValor                        text25       0025DC
__end_of_lerAdcAn0                                text24       002D5E
__end_of_lerAdcAn1                                text23       002D22
__end_of_main                                     text0        002774
__end_of_scale                                    text31       001C94
__end_of_sinalizacaoAprovada                      text22       002D96
__end_of_sinalizacaoBeep                          text1        002F0C
__end_of_sinalizacaoFalha                         text21       002EF4
__end_of_sprintf                                  text30       00185C
__end_of_tamanhoDaString                          text4        002BFE
__end_of_tratamento                               intcode_body 0010FA
__end_ofi2_desabilitarCarregamentoDaBateria       text20       002F72
__end_ofi2_desabilitarDescarregamentoDaBateria    text19       002F5E
__end_ofi2_desabilitarTimer0                      text18       002FCC
__end_ofi2_escreverCharUart                       text17       002F9E
__end_ofi2_escreverStringUart                     text15       0029C6
__end_ofi2_tamanhoDaString                        text16       002CA6
__initialization                                  cinit        002F0C
__mediumconst                                     mediumconst  00FB66
__npowers_                                        mediumconst  00FBB6
__pbssBANK0                                       bssBANK0     0000B7
__pcinit                                          cinit        002F0C
__pcstackBANK0                                    cstackBANK0  000080
__pcstackBANK1                                    cstackBANK1  000100
__pcstackCOMRAM                                   cstackCOMRAM 000001
__pintcode                                        intcode      000008
__pintcode_body                                   intcode_body 000012
__pmediumconst                                    mediumconst  00FB66
__powers_                                         mediumconst  00FB8F
__ptext0                                          text0        0026C2
__ptext1                                          text1        002EF4
__ptext10                                         text10       002F72
__ptext11                                         text11       002F22
__ptext12                                         text12       002F36
__ptext13                                         text13       002DCE
__ptext15                                         text15       002942
__ptext16                                         text16       002C5A
__ptext17                                         text17       002F92
__ptext18                                         text18       002FC8
__ptext19                                         text19       002F4A
__ptext2                                          text2        002FC0
__ptext20                                         text20       002F5E
__ptext21                                         text21       002ED8
__ptext22                                         text22       002D5E
__ptext23                                         text23       002CE6
__ptext24                                         text24       002D22
__ptext25                                         text25       0024EC
__ptext26                                         text26       002F9E
__ptext27                                         text27       002FAA
__ptext28                                         text28       002E9C
__ptext29                                         text29       002E54
__ptext3                                          text3        002822
__ptext30                                         text30       0010FA
__ptext31                                         text31       00185C
__ptext32                                         text32       001C94
__ptext33                                         text33       002E2E
__ptext34                                         text34       002304
__ptext35                                         text35       002ACC
__ptext36                                         text36       0029C6
__ptext37                                         text37       0020AA
__ptext38                                         text38       0021DC
__ptext39                                         text39       002BFE
__ptext4                                          text4        002BA2
__ptext40                                         text40       002B3C
__ptext41                                         text41       002A4A
__ptext42                                         text42       0023F8
__ptext43                                         text43       002CA6
__ptext44                                         text44       001EFE
__ptext45                                         text45       002E78
__ptext46                                         text46       0028B2
__ptext47                                         text47       0025DC
__ptext48                                         text48       002D96
__ptext49                                         text49       002774
__ptext5                                          text5        002F84
__ptext6                                          text6        002FC4
__ptext7                                          text7        002E04
__ptext8                                          text8        002EBC
__ptext9                                          text9        002FB6
__ramtop                                          ramtop       001000
__size_of___awdiv                                 (abs)        000000
__size_of___awmod                                 (abs)        000000
__size_of___awtoft                                (abs)        000000
__size_of___ftadd                                 (abs)        000000
__size_of___ftdiv                                 (abs)        000000
__size_of___ftge                                  (abs)        000000
__size_of___ftmul                                 (abs)        000000
__size_of___ftneg                                 (abs)        000000
__size_of___ftpack                                (abs)        000000
__size_of___ftsub                                 (abs)        000000
__size_of___fttol                                 (abs)        000000
__size_of___lldiv                                 (abs)        000000
__size_of___llmod                                 (abs)        000000
__size_of___lltoft                                (abs)        000000
__size_of___wmul                                  (abs)        000000
__size_of__div_to_l_                              (abs)        000000
__size_of__tdiv_to_l_                             (abs)        000000
__size_of_configureAdc                            (abs)        000000
__size_of_configureGpios                          (abs)        000000
__size_of_configureInterrupts                     (abs)        000000
__size_of_configureTimer0                         (abs)        000000
__size_of_configureUart                           (abs)        000000
__size_of_converterFloatParaString                (abs)        000000
__size_of_converterIntParaString                  (abs)        000000
__size_of_desabilitarCarregamentoDaBateria        (abs)        000000
__size_of_desabilitarDescarregamentoDaBateria     (abs)        000000
__size_of_desabilitarTimer0                       (abs)        000000
__size_of_escreverCharUart                        (abs)        000000
__size_of_escreverStringUart                      (abs)        000000
__size_of_fround                                  (abs)        000000
__size_of_habilitarCarregamentoDaBateria          (abs)        000000
__size_of_habilitarDescarregamentoDaBateria       (abs)        000000
__size_of_habilitarTimer0                         (abs)        000000
__size_of_indexDoMenorValor                       (abs)        000000
__size_of_lerAdcAn0                               (abs)        000000
__size_of_lerAdcAn1                               (abs)        000000
__size_of_main                                    (abs)        000000
__size_of_scale                                   (abs)        000000
__size_of_sinalizacaoAprovada                     (abs)        000000
__size_of_sinalizacaoBeep                         (abs)        000000
__size_of_sinalizacaoFalha                        (abs)        000000
__size_of_sprintf                                 (abs)        000000
__size_of_tamanhoDaString                         (abs)        000000
__size_of_tratamento                              (abs)        000000
__size_ofi2_desabilitarCarregamentoDaBateria      (abs)        000000
__size_ofi2_desabilitarDescarregamentoDaBateria   (abs)        000000
__size_ofi2_desabilitarTimer0                     (abs)        000000
__size_ofi2_escreverCharUart                      (abs)        000000
__size_ofi2_escreverStringUart                    (abs)        000000
__size_ofi2_tamanhoDaString                       (abs)        000000
__smallconst                                      smallconst   000000
__tdiv_to_l_                                      text37       0020AA
__tdiv_to_l_@cntr                                 cstackCOMRAM 00000E
__tdiv_to_l_@exp1                                 cstackCOMRAM 00000F
__tdiv_to_l_@f1                                   cstackCOMRAM 000001
__tdiv_to_l_@f2                                   cstackCOMRAM 000004
__tdiv_to_l_@quot                                 cstackCOMRAM 00000A
_configureAdc                                     text13       002DCE
_configureGpios                                   text10       002F72
_configureInterrupts                              text9        002FB6
_configureTimer0                                  text8        002EBC
_configureUart                                    text7        002E04
_contador                                         bssBANK0     0000CD
_converterFloatParaString                         text29       002E54
_converterIntParaString                           text28       002E9C
_correnteNaBateria                                bssBANK0     0000B7
_desabilitarCarregamentoDaBateria                 text12       002F36
_desabilitarDescarregamentoDaBateria              text11       002F22
_desabilitarTimer0                                text6        002FC4
_dpowers                                          mediumconst  00FB67
_escreverCharUart                                 text5        002F84
_escreverStringUart                               text3        002822
_fround                                           text32       001C94
_fround$1516                                      cstackCOMRAM 00002A
_fround$1517                                      cstackCOMRAM 000027
_habilitarCarregamentoDaBateria                   text27       002FAA
_habilitarDescarregamentoDaBateria                text26       002F9E
_habilitarTimer0                                  text2        002FC0
_indexDoMenorValor                                text25       0024EC
_lerAdcAn0                                        text24       002D22
_lerAdcAn1                                        text23       002CE6
_main                                             text0        0026C2
_resultadoDosTestes                               bssBANK0     0000C6
_scale                                            text31       00185C
_scale$1518                                       cstackCOMRAM 000027
_sinalizacaoAprovada                              text22       002D5E
_sinalizacaoBeep                                  text1        002EF4
_sinalizacaoFalha                                 text21       002ED8
_sprintf                                          text30       0010FA
_sprintf$1519                                     cstackCOMRAM 000055
_statusDaBateria                                  bssBANK0     0000CB
_tamanhoDaString                                  text4        002BA2
_tempoEmSegundos                                  bssBANK0     0000CC
_tensaoNaBateria                                  bssBANK0     0000CE
_tratamento                                       intcode      000008
_tratamento$1511                                  cstackBANK0  0000AB
_tratamento$1512                                  cstackBANK0  0000AE
_tratamento$1513                                  cstackBANK0  0000B1
_tratamento$1514                                  cstackBANK0  0000B4
_tratamento$1515                                  cstackBANK0  000094
btemp                                             temp         00007D
converterFloatParaString@string                   cstackCOMRAM 00006F
converterFloatParaString@valorParaSerConvertido   cstackCOMRAM 00006C
converterIntParaString@string                     cstackCOMRAM 00006E
converterIntParaString@valorParaSerConvertido     cstackCOMRAM 00006C
end_of_initialization                             cinit        002F18
escreverCharUart@caracter                         cstackBANK1  000100
escreverStringUart@contador                       cstackBANK1  00010C
escreverStringUart@string                         cstackBANK1  000106
escreverStringUart@tamanhoDaStr                   cstackBANK1  00010A
fround@prec                                       cstackCOMRAM 00002D
i2_desabilitarCarregamentoDaBateria               text20       002F5E
i2_desabilitarDescarregamentoDaBateria            text19       002F4A
i2_desabilitarTimer0                              text18       002FC8
i2_escreverCharUart                               text17       002F92
i2_escreverStringUart                             text15       002942
i2_tamanhoDaString                                text16       002C5A
i2escreverCharUart@caracter                       cstackCOMRAM 000001
i2escreverStringUart@contador                     cstackBANK0  000082
i2escreverStringUart@string                       cstackCOMRAM 000079
i2escreverStringUart@tamanhoDaStr                 cstackBANK0  000080
i2tamanhoDaString@lenght                          cstackCOMRAM 000005
i2tamanhoDaString@string                          cstackCOMRAM 000001
indexDoMenorValor@contador                        cstackCOMRAM 000028
indexDoMenorValor@dados                           cstackCOMRAM 00001E
indexDoMenorValor@index                           cstackCOMRAM 000026
indexDoMenorValor@menorValor                      cstackCOMRAM 000023
indexDoMenorValor@quantidadeDeValoresParaAnalisar cstackCOMRAM 000020
int$flags                                         temp         00007D
int_func                                          intcode_body 000012
intlevel0                                         text         000000
intlevel1                                         text         000000
intlevel2                                         text         000000
intlevel3                                         text         000000
lerAdcAn0@valorLido                               cstackCOMRAM 000005
lerAdcAn1@valorLido                               cstackCOMRAM 000005
scale@scl                                         cstackCOMRAM 00002A
sinalizacaoAprovada@repeticoes                    cstackCOMRAM 000002
sprintf@ap                                        cstackCOMRAM 000058
sprintf@c                                         cstackCOMRAM 00006B
sprintf@exp                                       cstackCOMRAM 000062
sprintf@f                                         cstackCOMRAM 00004A
sprintf@flag                                      cstackCOMRAM 00005A
sprintf@fval                                      cstackCOMRAM 000068
sprintf@prec                                      cstackCOMRAM 00005C
sprintf@sp                                        cstackCOMRAM 000048
sprintf@tmpval                                    cstackCOMRAM 000064
sprintf@val                                       cstackCOMRAM 00005E
stackhi                                           (abs)        000F7F
stacklo                                           (abs)        000110
start                                             init         00000E
start_initialization                              cinit        002F0C
tamanhoDaString@lenght                            cstackBANK1  000104
tamanhoDaString@string                            cstackBANK1  000100
tratamento@correnteMedia                          cstackBANK0  00009A
tratamento@correnteMedia_779                      cstackBANK0  0000A5
tratamento@correnteMedia_802                      cstackBANK0  0000A8
tratamento@indexTensaoMinima                      cstackBANK0  0000A0
tratamento@tensaoMedia                            cstackBANK0  000097
tratamento@tensaoMedia_774                        cstackBANK0  0000A2
tratamento@tensaoMedia_793                        cstackBANK0  00009D


FUNCTION INFORMATION:

 *************** function _main *****************
 Defined at:
		line 49 in file "aplicacao.c"
 Parameters:    Size  Location     Type
		None
 Auto vars:     Size  Location     Type
		None
 Return value:  Size  Location     Type
                  1    wreg      void 
 Registers used:
		wreg, fsr0l, fsr0h, status,2, status,0, tblptrl, tblptrh, tblptru, cstack
 Tracked objects:
		On entry : 
		On exit  : 
		Unchanged: 
 Data sizes:     COMRAM   BANK0   BANK1   BANK2   BANK3   BANK4   BANK5   BANK6   BANK7   BANK8   BANK9  BANK10  BANK11  BANK12  BANK13  BANK14  BANK15
      Params:         0       0       0       0       0       0       0       0       0       0       0       0       0       0       0       0       0
      Locals:         0       0       0       0       0       0       0       0       0       0       0       0       0       0       0       0       0
      Temps:          0       0       2       0       0       0       0       0       0       0       0       0       0       0       0       0       0
      Totals:         0       0       2       0       0       0       0       0       0       0       0       0       0       0       0       0       0
Total ram usage:        2 bytes
 Hardware stack levels required when called:    8
 This function calls:
		_configureAdc
		_configureGpios
		_configureInterrupts
		_configureTimer0
		_configureUart
		_desabilitarTimer0
		_escreverStringUart
		_habilitarTimer0
		_sinalizacaoBeep
 This function is called by:
		Startup code after reset
 This function uses a non-reentrant model


 *************** function _sinalizacaoBeep *****************
 Defined at:
		line 29 in file "buzzer.c"
 Parameters:    Size  Location     Type
		None
 Auto vars:     Size  Location     Type
		None
 Return value:  Size  Location     Type
                  1    wreg      void 
 Registers used:
		wreg
 Tracked objects:
		On entry : 
		On exit  : 
		Unchanged: 
 Data sizes:     COMRAM   BANK0   BANK1   BANK2   BANK3   BANK4   BANK5   BANK6   BANK7   BANK8   BANK9  BANK10  BANK11  BANK12  BANK13  BANK14  BANK15
      Params:         0       0       0       0       0       0       0       0       0       0       0       0       0       0       0       0       0
      Locals:         0       0       0       0       0       0       0       0       0       0       0       0       0       0       0       0       0
      Temps:          0       0       1       0       0       0       0       0       0       0       0       0       0       0       0       0       0
      Totals:         0       0       1       0       0       0       0       0       0       0       0       0       0       0       0       0       0
Total ram usage:        1 bytes
 Hardware stack levels used:    1
 Hardware stack levels required when called:    6
 This function calls:
		Nothing
 This function is called by:
		_main
 This function uses a non-reentrant model


 *************** function _habilitarTimer0 *****************
 Defined at:
		line 34 in file "timer0.h"
 Parameters:    Size  Location     Type
		None
 Auto vars:     Size  Location     Type
		None
 Return value:  Size  Location     Type
                  1    wreg      void 
 Registers used:
		None
 Tracked objects:
		On entry : 
		On exit  : 
		Unchanged: 
 Data sizes:     COMRAM   BANK0   BANK1   BANK2   BANK3   BANK4   BANK5   BANK6   BANK7   BANK8   BANK9  BANK10  BANK11  BANK12  BANK13  BANK14  BANK15
      Params:         0       0       0       0       0       0       0       0       0       0       0       0       0       0       0       0       0
      Locals:         0       0       0       0       0       0       0       0       0       0       0       0       0       0       0       0       0
      Temps:          0       0       0       0       0       0       0       0       0       0       0       0       0       0       0       0       0
      Totals:         0       0       0       0       0       0       0       0       0       0       0       0       0       0       0       0       0
Total ram usage:        0 bytes
 Hardware stack levels used:    1
 Hardware stack levels required when called:    6
 This function calls:
		Nothing
 This function is called by:
		_main
 This function uses a non-reentrant model


 *************** function _escreverStringUart *****************
 Defined at:
		line 104 in file "uart.h"
 Parameters:    Size  Location     Type
  string          2    6[BANK1 ] PTR unsigned char 
		 -> STR_58(55), STR_57(29), STR_56(29), STR_55(55), 
		 -> STR_54(29), STR_53(28), STR_52(43), STR_51(42), 
		 -> STR_50(4), STR_49(17), STR_48(41), STR_47(40), 
		 -> STR_46(4), STR_45(23), STR_44(3), STR_43(16), 
		 -> STR_42(3), STR_41(11), STR_40(6), STR_39(9), 
		 -> STR_38(4), STR_37(68), STR_36(43), STR_35(38), 
		 -> STR_34(40), STR_33(39), STR_32(4), STR_31(17), 
		 -> STR_30(38), STR_29(37), STR_28(4), STR_27(16), 
		 -> STR_26(3), STR_25(11), STR_24(6), STR_23(9), 
		 -> STR_22(4), STR_21(68), STR_20(41), STR_19(26), 
		 -> STR_18(36), STR_17(25), STR_16(3), STR_15(18), 
		 -> STR_14(3), STR_13(16), STR_12(3), STR_11(11), 
		 -> STR_10(6), STR_9(9), STR_8(4), RAM(3967), 
		 -> STR_7(68), STR_6(32), STR_5(31), STR_4(52), 
		 -> STR_3(53), 
 Auto vars:     Size  Location     Type
  contador        2   12[BANK1 ] int 
  tamanhoDaStr    2   10[BANK1 ] int 
 Return value:  Size  Location     Type
                  1    wreg      void 
 Registers used:
		wreg, fsr0l, fsr0h, status,2, status,0, tblptrl, tblptrh, tblptru, cstack
 Tracked objects:
		On entry : 
		On exit  : 
		Unchanged: 
 Data sizes:     COMRAM   BANK0   BANK1   BANK2   BANK3   BANK4   BANK5   BANK6   BANK7   BANK8   BANK9  BANK10  BANK11  BANK12  BANK13  BANK14  BANK15
      Params:         0       0       2       0       0       0       0       0       0       0       0       0       0       0       0       0       0
      Locals:         0       0       4       0       0       0       0       0       0       0       0       0       0       0       0       0       0
      Temps:          0       0       2       0       0       0       0       0       0       0       0       0       0       0       0       0       0
      Totals:         0       0       8       0       0       0       0       0       0       0       0       0       0       0       0       0       0
Total ram usage:        8 bytes
 Hardware stack levels used:    1
 Hardware stack levels required when called:    7
 This function calls:
		_escreverCharUart
		_tamanhoDaString
 This function is called by:
		_main
 This function uses a non-reentrant model


 *************** function _tamanhoDaString *****************
 Defined at:
		line 92 in file "uart.h"
 Parameters:    Size  Location     Type
  string          2    0[BANK1 ] PTR unsigned char 
		 -> STR_58(55), STR_57(29), STR_56(29), STR_55(55), 
		 -> STR_54(29), STR_53(28), STR_52(43), STR_51(42), 
		 -> STR_50(4), STR_49(17), STR_48(41), STR_47(40), 
		 -> STR_46(4), STR_45(23), STR_44(3), STR_43(16), 
		 -> STR_42(3), STR_41(11), STR_40(6), STR_39(9), 
		 -> STR_38(4), STR_37(68), STR_36(43), STR_35(38), 
		 -> STR_34(40), STR_33(39), STR_32(4), STR_31(17), 
		 -> STR_30(38), STR_29(37), STR_28(4), STR_27(16), 
		 -> STR_26(3), STR_25(11), STR_24(6), STR_23(9), 
		 -> STR_22(4), STR_21(68), STR_20(41), STR_19(26), 
		 -> STR_18(36), STR_17(25), STR_16(3), STR_15(18), 
		 -> STR_14(3), STR_13(16), STR_12(3), STR_11(11), 
		 -> STR_10(6), STR_9(9), STR_8(4), RAM(3967), 
		 -> STR_7(68), STR_6(32), STR_5(31), STR_4(52), 
		 -> STR_3(53), 
 Auto vars:     Size  Location     Type
  lenght          2    4[BANK1 ] int 
 Return value:  Size  Location     Type
                  2    0[BANK1 ] int 
 Registers used:
		wreg, fsr0l, fsr0h, status,2, status,0, tblptrl, tblptrh, tblptru
 Tracked objects:
		On entry : 
		On exit  : 
		Unchanged: 
 Data sizes:     COMRAM   BANK0   BANK1   BANK2   BANK3   BANK4   BANK5   BANK6   BANK7   BANK8   BANK9  BANK10  BANK11  BANK12  BANK13  BANK14  BANK15
      Params:         0       0       2       0       0       0       0       0       0       0       0       0       0       0       0       0       0
      Locals:         0       0       2       0       0       0       0       0       0       0       0       0       0       0       0       0       0
      Temps:          0       0       2       0       0       0       0       0       0       0       0       0       0       0       0       0       0
      Totals:         0       0       6       0       0       0       0       0       0       0       0       0       0       0       0       0       0
Total ram usage:        6 bytes
 Hardware stack levels used:    1
 Hardware stack levels required when called:    6
 This function calls:
		Nothing
 This function is called by:
		_escreverStringUart
 This function uses a non-reentrant model


 *************** function _escreverCharUart *****************
 Defined at:
		line 50 in file "uart.h"
 Parameters:    Size  Location     Type
  caracter        1    wreg     unsigned char 
 Auto vars:     Size  Location     Type
  caracter        1    0[BANK1 ] unsigned char 
 Return value:  Size  Location     Type
                  1    wreg      void 
 Registers used:
		wreg
 Tracked objects:
		On entry : 
		On exit  : 
		Unchanged: 
 Data sizes:     COMRAM   BANK0   BANK1   BANK2   BANK3   BANK4   BANK5   BANK6   BANK7   BANK8   BANK9  BANK10  BANK11  BANK12  BANK13  BANK14  BANK15
      Params:         0       0       0       0       0       0       0       0       0       0       0       0       0       0       0       0       0
      Locals:         0       0       1       0       0       0       0       0       0       0       0       0       0       0       0       0       0
      Temps:          0       0       0       0       0       0       0       0       0       0       0       0       0       0       0       0       0
      Totals:         0       0       1       0       0       0       0       0       0       0       0       0       0       0       0       0       0
Total ram usage:        1 bytes
 Hardware stack levels used:    1
 Hardware stack levels required when called:    6
 This function calls:
		Nothing
 This function is called by:
		_escreverStringUart
 This function uses a non-reentrant model


 *************** function _desabilitarTimer0 *****************
 Defined at:
		line 38 in file "timer0.h"
 Parameters:    Size  Location     Type
		None
 Auto vars:     Size  Location     Type
		None
 Return value:  Size  Location     Type
                  1    wreg      void 
 Registers used:
		None
 Tracked objects:
		On entry : 
		On exit  : 
		Unchanged: 
 Data sizes:     COMRAM   BANK0   BANK1   BANK2   BANK3   BANK4   BANK5   BANK6   BANK7   BANK8   BANK9  BANK10  BANK11  BANK12  BANK13  BANK14  BANK15
      Params:         0       0       0       0       0       0       0       0       0       0       0       0       0       0       0       0       0
      Locals:         0       0       0       0       0       0       0       0       0       0       0       0       0       0       0       0       0
      Temps:          0       0       0       0       0       0       0       0       0       0       0       0       0       0       0       0       0
      Totals:         0       0       0       0       0       0       0       0       0       0       0       0       0       0       0       0       0
Total ram usage:        0 bytes
 Hardware stack levels used:    1
 Hardware stack levels required when called:    6
 This function calls:
		Nothing
 This function is called by:
		_main
 This function uses a non-reentrant model


 *************** function _configureUart *****************
 Defined at:
		line 15 in file "uart.h"
 Parameters:    Size  Location     Type
		None
 Auto vars:     Size  Location     Type
		None
 Return value:  Size  Location     Type
                  1    wreg      void 
 Registers used:
		wreg, status,2
 Tracked objects:
		On entry : 
		On exit  : 
		Unchanged: 
 Data sizes:     COMRAM   BANK0   BANK1   BANK2   BANK3   BANK4   BANK5   BANK6   BANK7   BANK8   BANK9  BANK10  BANK11  BANK12  BANK13  BANK14  BANK15
      Params:         0       0       0       0       0       0       0       0       0       0       0       0       0       0       0       0       0
      Locals:         0       0       0       0       0       0       0       0       0       0       0       0       0       0       0       0       0
      Temps:          0       0       0       0       0       0       0       0       0       0       0       0       0       0       0       0       0
      Totals:         0       0       0       0       0       0       0       0       0       0       0       0       0       0       0       0       0
Total ram usage:        0 bytes
 Hardware stack levels used:    1
 Hardware stack levels required when called:    6
 This function calls:
		Nothing
 This function is called by:
		_main
 This function uses a non-reentrant model


 *************** function _configureTimer0 *****************
 Defined at:
		line 23 in file "timer0.h"
 Parameters:    Size  Location     Type
		None
 Auto vars:     Size  Location     Type
		None
 Return value:  Size  Location     Type
                  1    wreg      void 
 Registers used:
		wreg, status,2
 Tracked objects:
		On entry : 
		On exit  : 
		Unchanged: 
 Data sizes:     COMRAM   BANK0   BANK1   BANK2   BANK3   BANK4   BANK5   BANK6   BANK7   BANK8   BANK9  BANK10  BANK11  BANK12  BANK13  BANK14  BANK15
      Params:         0       0       0       0       0       0       0       0       0       0       0       0       0       0       0       0       0
      Locals:         0       0       0       0       0       0       0       0       0       0       0       0       0       0       0       0       0
      Temps:          0       0       0       0       0       0       0       0       0       0       0       0       0       0       0       0       0
      Totals:         0       0       0       0       0       0       0       0       0       0       0       0       0       0       0       0       0
Total ram usage:        0 bytes
 Hardware stack levels used:    1
 Hardware stack levels required when called:    6
 This function calls:
		Nothing
 This function is called by:
		_main
 This function uses a non-reentrant model


 *************** function _configureInterrupts *****************
 Defined at:
		line 6 in file "interrupts.h"
 Parameters:    Size  Location     Type
		None
 Auto vars:     Size  Location     Type
		None
 Return value:  Size  Location     Type
                  1    wreg      void 
 Registers used:
		None
 Tracked objects:
		On entry : 
		On exit  : 
		Unchanged: 
 Data sizes:     COMRAM   BANK0   BANK1   BANK2   BANK3   BANK4   BANK5   BANK6   BANK7   BANK8   BANK9  BANK10  BANK11  BANK12  BANK13  BANK14  BANK15
[...]
  counter         1   12[COMRAM] unsigned char 
 Return value:  Size  Location     Type
                  4    0[COMRAM] unsigned long 
 Registers used:
		wreg, status,2, status,0
 Tracked objects:
		On entry : 
		On exit  : 
		Unchanged: 
 Data sizes:     COMRAM   BANK0   BANK1   BANK2   BANK3   BANK4   BANK5   BANK6   BANK7   BANK8   BANK9  BANK10  BANK11  BANK12  BANK13  BANK14  BANK15
      Params:         8       0       0       0       0       0       0       0       0       0       0       0       0       0       0       0       0
      Locals:         5       0       0       0       0       0       0       0       0       0       0       0       0       0       0       0       0
      Temps:          0       0       0       0       0       0       0       0       0       0       0       0       0       0       0       0       0
      Totals:        13       0       0       0       0       0       0       0       0       0       0       0       0       0       0       0       0
Total ram usage:       13 bytes
 Hardware stack levels used:    1
 This function calls:
		Nothing
 This function is called by:
		_sprintf
 This function uses a non-reentrant model


 *************** function ___fttol *****************
 Defined at:
		line 44 in file "C:\Program Files (x86)\Microchip\xc8\v1.42\sources\common\fttol.c"
 Parameters:    Size  Location     Type
  f1              3   35[COMRAM] float 
 Auto vars:     Size  Location     Type
  lval            4   45[COMRAM] unsigned long 
  exp1            1   49[COMRAM] unsigned char 
  sign1           1   44[COMRAM] unsigned char 
 Return value:  Size  Location     Type
                  4   35[COMRAM] long 
 Registers used:
		wreg, status,2, status,0
 Tracked objects:
		On entry : 
		On exit  : 
		Unchanged: 
 Data sizes:     COMRAM   BANK0   BANK1   BANK2   BANK3   BANK4   BANK5   BANK6   BANK7   BANK8   BANK9  BANK10  BANK11  BANK12  BANK13  BANK14  BANK15
      Params:         4       0       0       0       0       0       0       0       0       0       0       0       0       0       0       0       0
      Locals:         6       0       0       0       0       0       0       0       0       0       0       0       0       0       0       0       0
      Temps:          5       0       0       0       0       0       0       0       0       0       0       0       0       0       0       0       0
      Totals:        15       0       0       0       0       0       0       0       0       0       0       0       0       0       0       0       0
Total ram usage:       15 bytes
 Hardware stack levels used:    1
 This function calls:
		Nothing
 This function is called by:
		_sprintf
 This function uses a non-reentrant model


 *************** function ___ftsub *****************
 Defined at:
		line 20 in file "C:\Program Files (x86)\Microchip\xc8\v1.42\sources\common\ftsub.c"
 Parameters:    Size  Location     Type
  f1              3   65[COMRAM] float 
  f2              3   68[COMRAM] float 
 Auto vars:     Size  Location     Type
		None
 Return value:  Size  Location     Type
                  3   65[COMRAM] float 
 Registers used:
		wreg, status,2, status,0, cstack
 Tracked objects:
		On entry : 
		On exit  : 
		Unchanged: 
 Data sizes:     COMRAM   BANK0   BANK1   BANK2   BANK3   BANK4   BANK5   BANK6   BANK7   BANK8   BANK9  BANK10  BANK11  BANK12  BANK13  BANK14  BANK15
      Params:         6       0       0       0       0       0       0       0       0       0       0       0       0       0       0       0       0
      Locals:         0       0       0       0       0       0       0       0       0       0       0       0       0       0       0       0       0
      Temps:          0       0       0       0       0       0       0       0       0       0       0       0       0       0       0       0       0
      Totals:         6       0       0       0       0       0       0       0       0       0       0       0       0       0       0       0       0
Total ram usage:        6 bytes
 Hardware stack levels used:    1
 Hardware stack levels required when called:    2
 This function calls:
		___ftadd
 This function is called by:
		_sprintf
 This function uses a non-reentrant model


 *************** function ___ftadd *****************
 Defined at:
		line 86 in file "C:\Program Files (x86)\Microchip\xc8\v1.42\sources\common\ftadd.c"
 Parameters:    Size  Location     Type
  f1              3   53[COMRAM] float 
  f2              3   56[COMRAM] float 
 Auto vars:     Size  Location     Type
  exp1            1   64[COMRAM] unsigned char 
  exp2            1   63[COMRAM] unsigned char 
  sign            1   62[COMRAM] unsigned char 
 Return value:  Size  Location     Type
                  3   53[COMRAM] float 
 Registers used:
		wreg, status,2, status,0, cstack
 Tracked objects:
		On entry : 
		On exit  : 
		Unchanged: 
 Data sizes:     COMRAM   BANK0   BANK1   BANK2   BANK3   BANK4   BANK5   BANK6   BANK7   BANK8   BANK9  BANK10  BANK11  BANK12  BANK13  BANK14  BANK15
      Params:         6       0       0       0       0       0       0       0       0       0       0       0       0       0       0       0       0
      Locals:         3       0       0       0       0       0       0       0       0       0       0       0       0       0       0       0       0
      Temps:          3       0       0       0       0       0       0       0       0       0       0       0       0       0       0       0       0
      Totals:        12       0       0       0       0       0       0       0       0       0       0       0       0       0       0       0       0
Total ram usage:       12 bytes
 Hardware stack levels used:    1
 Hardware stack levels required when called:    1
 This function calls:
		___ftpack
 This function is called by:
		_tratamento
		_sprintf
		___ftsub
 This function uses a non-reentrant model


 *************** function ___ftneg *****************
 Defined at:
		line 15 in file "C:\Program Files (x86)\Microchip\xc8\v1.42\sources\common\ftneg.c"
 Parameters:    Size  Location     Type
  f1              3   50[COMRAM] float 
 Auto vars:     Size  Location     Type
		None
 Return value:  Size  Location     Type
                  3   50[COMRAM] float 
 Registers used:
		wreg, status,2, status,0
 Tracked objects:
		On entry : 
		On exit  : 
		Unchanged: 
 Data sizes:     COMRAM   BANK0   BANK1   BANK2   BANK3   BANK4   BANK5   BANK6   BANK7   BANK8   BANK9  BANK10  BANK11  BANK12  BANK13  BANK14  BANK15
      Params:         3       0       0       0       0       0       0       0       0       0       0       0       0       0       0       0       0
      Locals:         0       0       0       0       0       0       0       0       0       0       0       0       0       0       0       0       0
      Temps:          0       0       0       0       0       0       0       0       0       0       0       0       0       0       0       0       0
      Totals:         3       0       0       0       0       0       0       0       0       0       0       0       0       0       0       0       0
Total ram usage:        3 bytes
 Hardware stack levels used:    1
 This function calls:
		Nothing
 This function is called by:
		_tratamento
		_sprintf
 This function uses a non-reentrant model


 *************** function ___ftge *****************
 Defined at:
		line 4 in file "C:\Program Files (x86)\Microchip\xc8\v1.42\sources\common\ftge.c"
 Parameters:    Size  Location     Type
  ff1             3   20[COMRAM] float 
  ff2             3   23[COMRAM] float 
 Auto vars:     Size  Location     Type
		None
 Return value:  Size  Location     Type
		None               void
 Registers used:
		wreg, status,2, status,0
 Tracked objects:
		On entry : 
		On exit  : 
		Unchanged: 
 Data sizes:     COMRAM   BANK0   BANK1   BANK2   BANK3   BANK4   BANK5   BANK6   BANK7   BANK8   BANK9  BANK10  BANK11  BANK12  BANK13  BANK14  BANK15
      Params:         6       0       0       0       0       0       0       0       0       0       0       0       0       0       0       0       0
      Locals:         0       0       0       0       0       0       0       0       0       0       0       0       0       0       0       0       0
      Temps:          3       0       0       0       0       0       0       0       0       0       0       0       0       0       0       0       0
      Totals:         9       0       0       0       0       0       0       0       0       0       0       0       0       0       0       0       0
Total ram usage:        9 bytes
 Hardware stack levels used:    1
 This function calls:
		Nothing
 This function is called by:
		_indexDoMenorValor
		_tratamento
		_sprintf
 This function uses a non-reentrant model


 *************** function ___ftdiv *****************
 Defined at:
		line 54 in file "C:\Program Files (x86)\Microchip\xc8\v1.42\sources\common\ftdiv.c"
 Parameters:    Size  Location     Type
  f1              3   35[COMRAM] float 
  f2              3   38[COMRAM] float 
 Auto vars:     Size  Location     Type
  f3              3   45[COMRAM] float 
  sign            1   49[COMRAM] unsigned char 
  exp             1   48[COMRAM] unsigned char 
  cntr            1   44[COMRAM] unsigned char 
 Return value:  Size  Location     Type
                  3   35[COMRAM] float 
 Registers used:
		wreg, status,2, status,0, cstack
 Tracked objects:
		On entry : 
		On exit  : 
		Unchanged: 
 Data sizes:     COMRAM   BANK0   BANK1   BANK2   BANK3   BANK4   BANK5   BANK6   BANK7   BANK8   BANK9  BANK10  BANK11  BANK12  BANK13  BANK14  BANK15
      Params:         6       0       0       0       0       0       0       0       0       0       0       0       0       0       0       0       0
      Locals:         6       0       0       0       0       0       0       0       0       0       0       0       0       0       0       0       0
      Temps:          3       0       0       0       0       0       0       0       0       0       0       0       0       0       0       0       0
      Totals:        15       0       0       0       0       0       0       0       0       0       0       0       0       0       0       0       0
Total ram usage:       15 bytes
 Hardware stack levels used:    1
 Hardware stack levels required when called:    1
 This function calls:
		___ftpack
 This function is called by:
		_tratamento
 This function uses a non-reentrant model


 *************** function ___awtoft *****************
 Defined at:
		line 32 in file "C:\Program Files (x86)\Microchip\xc8\v1.42\sources\common\awtoft.c"
 Parameters:    Size  Location     Type
  c               2    8[COMRAM] int 
 Auto vars:     Size  Location     Type
  sign            1   11[COMRAM] unsigned char 
 Return value:  Size  Location     Type
                  3    8[COMRAM] float 
 Registers used:
		wreg, status,2, status,0, cstack
 Tracked objects:
		On entry : 
		On exit  : 
		Unchanged: 
 Data sizes:     COMRAM   BANK0   BANK1   BANK2   BANK3   BANK4   BANK5   BANK6   BANK7   BANK8   BANK9  BANK10  BANK11  BANK12  BANK13  BANK14  BANK15
      Params:         3       0       0       0       0       0       0       0       0       0       0       0       0       0       0       0       0
      Locals:         1       0       0       0       0       0       0       0       0       0       0       0       0       0       0       0       0
      Temps:          0       0       0       0       0       0       0       0       0       0       0       0       0       0       0       0       0
      Totals:         4       0       0       0       0       0       0       0       0       0       0       0       0       0       0       0       0
Total ram usage:        4 bytes
 Hardware stack levels used:    1
 Hardware stack levels required when called:    1
 This function calls:
		___ftpack
 This function is called by:
		_tratamento
 This function uses a non-reentrant model


 *************** function ___ftpack *****************
 Defined at:
		line 62 in file "C:\Program Files (x86)\Microchip\xc8\v1.42\sources\common\float.c"
 Parameters:    Size  Location     Type
  arg             3    0[COMRAM] unsigned um
  exp             1    3[COMRAM] unsigned char 
  sign            1    4[COMRAM] unsigned char 
 Auto vars:     Size  Location     Type
		None
 Return value:  Size  Location     Type
                  3    0[COMRAM] float 
 Registers used:
		wreg, status,2, status,0
 Tracked objects:
		On entry : 
		On exit  : 
		Unchanged: 
 Data sizes:     COMRAM   BANK0   BANK1   BANK2   BANK3   BANK4   BANK5   BANK6   BANK7   BANK8   BANK9  BANK10  BANK11  BANK12  BANK13  BANK14  BANK15
      Params:         5       0       0       0       0       0       0       0       0       0       0       0       0       0       0       0       0
      Locals:         0       0       0       0       0       0       0       0       0       0       0       0       0       0       0       0       0
      Temps:          3       0       0       0       0       0       0       0       0       0       0       0       0       0       0       0       0
      Totals:         8       0       0       0       0       0       0       0       0       0       0       0       0       0       0       0       0
Total ram usage:        8 bytes
 Hardware stack levels used:    1
 This function calls:
		Nothing
 This function is called by:
		___awtoft
		___ftadd
		___ftdiv
		___ftmul
		___lltoft
 This function uses a non-reentrant model



MODULE INFORMATION

Module		Function		Class		Link	Load	Size
C:\Program Files (x86)\Microchip\xc8\v1.42\sources\common\ftmul.c
		___ftmul       		CODE           	2304	0000	245

C:\Program Files (x86)\Microchip\xc8\v1.42\sources\common\ftmul.c estimated size: 245

C:\Program Files (x86)\Microchip\xc8\v1.42\sources\common\ftdivl.c
		__tdiv_to_l_   		CODE           	20AA	0000	307

C:\Program Files (x86)\Microchip\xc8\v1.42\sources\common\ftdivl.c estimated size: 307

C:\Program Files (x86)\Microchip\xc8\v1.42\sources\common\ftdiv.c
		___ftdiv       		CODE           	25DC	0000	231

C:\Program Files (x86)\Microchip\xc8\v1.42\sources\common\ftdiv.c estimated size: 231

buzzer.c
		_sinalizacaoFalha		CODE           	2ED8	0000	29
		_sinalizacaoBeep		CODE           	2EF4	0000	25
		_sinalizacaoAprovada		CODE           	2D5E	0000	57

buzzer.c estimated size: 111

C:\Program Files (x86)\Microchip\xc8\v1.42\sources\common\awdiv.c
		___awdiv       		CODE           	29C6	0000	133

C:\Program Files (x86)\Microchip\xc8\v1.42\sources\common\awdiv.c estimated size: 133

uart.h
		_tamanhoDaString		CODE           	2BA2	0000	93
		_converterFloatParaString		CODE           	2E54	0000	37
		_configureUart 		CODE           	2E04	0000	43
		_escreverCharUart		CODE           	2F84	0000	15
		_converterIntParaString		CODE           	2E9C	0000	33
		_escreverStringUart		CODE           	2822	0000	145

uart.h estimated size: 366

C:\Program Files (x86)\Microchip\xc8\v1.42\sources\common\lldiv.c
		___lldiv       		CODE           	2A4A	0000	131

C:\Program Files (x86)\Microchip\xc8\v1.42\sources\common\lldiv.c estimated size: 131

C:\Program Files (x86)\Microchip\xc8\v1.42\sources\common\fldivl.c
		__div_to_l_    		CODE           	21DC	0000	297

C:\Program Files (x86)\Microchip\xc8\v1.42\sources\common\fldivl.c estimated size: 297

interrupts.h
		_configureInterrupts		CODE           	2FB6	0000	11

interrupts.h estimated size: 11

C:\Program Files (x86)\Microchip\xc8\v1.42\sources\common\fttol.c
		___fttol       		CODE           	23F8	0000	245

C:\Program Files (x86)\Microchip\xc8\v1.42\sources\common\fttol.c estimated size: 245

C:\Program Files (x86)\Microchip\xc8\v1.42\sources\common\ftge.c
		___ftge        		CODE           	28B2	0000	145

C:\Program Files (x86)\Microchip\xc8\v1.42\sources\common\ftge.c estimated size: 145

controleDaBateria.h
		_desabilitarDescarregamentoDaBateria		CODE           	2F22	0000	21
		_habilitarDescarregamentoDaBateria		CODE           	2F9E	0000	13
		_habilitarCarregamentoDaBateria		CODE           	2FAA	0000	13
		_desabilitarCarregamentoDaBateria		CODE           	2F36	0000	21

controleDaBateria.h estimated size: 68

C:\Program Files (x86)\Microchip\xc8\v1.42\sources\common\awtoft.c
		___awtoft      		CODE           	2D96	0000	57

C:\Program Files (x86)\Microchip\xc8\v1.42\sources\common\awtoft.c estimated size: 57

C:\Program Files (x86)\Microchip\xc8\v1.42\sources\common\ftadd.c
		___ftadd       		CODE           	1EFE	0000	429

C:\Program Files (x86)\Microchip\xc8\v1.42\sources\common\ftadd.c estimated size: 429

timer0.h
		_configureTimer0		CODE           	2EBC	0000	29
		_habilitarTimer0		CODE           	2FC0	0000	5
		_desabilitarTimer0		CODE           	2FC4	0000	5

timer0.h estimated size: 39

analiseDeDados.h
		_indexDoMenorValor		CODE           	24EC	0000	241

analiseDeDados.h estimated size: 241

adc.h
		_configureAdc  		CODE           	2DCE	0000	55
		_lerAdcAn0     		CODE           	2D22	0000	61
		_lerAdcAn1     		CODE           	2CE6	0000	61

adc.h estimated size: 177

aplicacao.c
		_main          		CODE           	26C2	0000	179
		_configureGpios		CODE           	2F72	0000	19
		_tratamento    		CODE           	0008	0000	4335

aplicacao.c estimated size: 4533

shared
		i2_desabilitarCarregamentoDaBateria		CODE           	2F5E	0000	21
		i2_tamanhoDaString		CODE           	2C5A	0000	77
		__powers_      		MEDIUMCONST    	FB8F	0000	40
		_dpowers       		MEDIUMCONST    	FB67	0000	41
		i2_escreverCharUart		CODE           	2F92	0000	13
		__npowers_     		MEDIUMCONST    	FBB6	0000	40
		__initialization		CODE           	2F0C	0000	13
		i2_escreverStringUart		CODE           	2942	0000	133
		i2_desabilitarDescarregamentoDaBateria		CODE           	2F4A	0000	21
		i2_desabilitarTimer0		CODE           	2FC8	0000	5

shared estimated size: 404

C:\Program Files (x86)\Microchip\xc8\v1.42\sources\common\ftneg.c
		___ftneg       		CODE           	2E78	0000	37

C:\Program Files (x86)\Microchip\xc8\v1.42\sources\common\ftneg.c estimated size: 37

C:\Program Files (x86)\Microchip\xc8\v1.42\sources\common\ftsub.c
		___ftsub       		CODE           	2CA6	0000	65

C:\Program Files (x86)\Microchip\xc8\v1.42\sources\common\ftsub.c estimated size: 65

C:\Program Files (x86)\Microchip\xc8\v1.42\sources\common\float.c
		___ftpack      		CODE           	2774	0000	175

C:\Program Files (x86)\Microchip\xc8\v1.42\sources\common\float.c estimated size: 175

C:\Program Files (x86)\Microchip\xc8\v1.42\sources\common\doprnt.c
		_scale         		CODE           	185C	0000	1081
		_sprintf       		CODE           	10FA	0000	1891
		_fround        		CODE           	1C94	0000	619

C:\Program Files (x86)\Microchip\xc8\v1.42\sources\common\doprnt.c estimated size: 3591

C:\Program Files (x86)\Microchip\xc8\v1.42\sources\common\awmod.c
		___awmod       		CODE           	2ACC	0000	113

C:\Program Files (x86)\Microchip\xc8\v1.42\sources\common\awmod.c estimated size: 113

C:\Program Files (x86)\Microchip\xc8\v1.42\sources\common\lltoft.c
		___lltoft      		CODE           	2BFE	0000	93

C:\Program Files (x86)\Microchip\xc8\v1.42\sources\common\lltoft.c estimated size: 93

C:\Program Files (x86)\Microchip\xc8\v1.42\sources\common\llmod.c
		___llmod       		CODE           	2B3C	0000	103

C:\Program Files (x86)\Microchip\xc8\v1.42\sources\common\llmod.c estimated size: 103

C:\Program Files (x86)\Microchip\xc8\v1.42\sources\common\Umul16.c
		___wmul        		CODE           	2E2E	0000	39

C:\Program Files (x86)\Microchip\xc8\v1.42\sources\common\Umul16.c estimated size: 39

